******************************************************************************
            TI ARM Clang Linker PC v2.1.3                      
******************************************************************************
>> Linked Tue Apr 23 11:42:14 2024

OUTPUT FILE NAME:   <ECE319K_Lab9H.out>
ENTRY POINT SYMBOL: "_c_int00_noargs"  address: 0001a205


MEMORY CONFIGURATION

         name            origin    length      used     unused   attr    fill
----------------------  --------  ---------  --------  --------  ----  --------
  FLASH                 00000000   00020000  0001a730  000058d0  R  X
  SRAM                  20200000   00008000  000025bf  00005a41  RW X
  BCR_CONFIG            41c00000   00000080  00000000  00000080  R   
  BSL_CONFIG            41c00100   00000080  00000000  00000080  R   


SEGMENT ALLOCATION MAP

run origin  load origin   length   init length attrs members
----------  ----------- ---------- ----------- ----- -------
00000000    00000000    0001a730   0001a730    r-x
  00000000    00000000    000000c0   000000c0    r-- .intvecs
  000000c0    000000c0    00016ea8   00016ea8    r-- .rodata
  00016f68    00016f68    00003678   00003678    r-x .text
  0001a5e0    0001a5e0    00000008   00000008    r-- .init_array
  0001a5e8    0001a5e8    00000148   00000148    r-- .cinit
20200000    20200000    000023c8   00000000    rw-
  20200000    20200000    00001ed6   00000000    rw- .bss
  20201ed8    20201ed8    000002e9   00000000    rw- .data
  202021c8    202021c8    00000200   00000000    rw- .sysmem
20207e00    20207e00    00000200   00000000    rw-
  20207e00    20207e00    00000200   00000000    rw- .stack


SECTION ALLOCATION MAP

 output                                  attributes/
section   page    origin      length       input sections
--------  ----  ----------  ----------   ----------------
.intvecs   0    00000000    000000c0     
                  00000000    000000c0     startup_mspm0g3507_ticlang.o (.intvecs)

.binit     0    00000000    00000000     

.text      0    00016f68    00003678     
                  00016f68    00000428     Lab9HMain.o (.text.main)
                  00017390    00000354     Keyboard.o (.text._Z13Keyboard_Initv)
                  000176e4    00000210     ST7735.o (.text._Z17ST7735_DrawBitmapssPKtss)
                  000178f4    000001b4     Clock.o (.text._Z15Clock_Init80MHzi)
                  00017aa8    000001a4     ST7735.o (.text._Z15ST7735_DrawCharsscssh)
                  00017c4c    000001a0     ST7735.o (.text._Z16ST7735_DrawCharSsscssh)
                  00017dec    0000018c     Lab9HMain.o (.text._Z11displayTesti)
                  00017f78    0000013c     libc.a : fopen.c.obj (.text._openfile)
                  000180b4    0000013c            : memory.c.obj (.text.aligned_alloc)
                  000181f0    00000130     ST7735.o (.text._Z14ST7735_OutCharc)
                  00018320    00000130     Keyboard.o (.text._Z22processScanCodetoASCIIv)
                  00018450    00000124     ADC.o (.text._Z12ADC_InitDualP10ADC12_Regsjjj)
                  00018574    00000118     ST7735.o (.text._Z15ST7735_FillRectsssst)
                  0001868c    00000100     libc.a : memory.c.obj (.text.free)
                  0001878c    000000f8     SPI.o (.text._Z8SPI_Initv)
                  00018884    000000f4     ST7735.o (.text._Z18ST7735_SetRotationh)
                  00018978    000000e8     libsysbm.a : add_device.c.obj (.text.add_device)
                  00018a60    000000e0     libc.a : setvbuf.c.obj (.text.setvbuf)
                  00018b40    000000c0     KeyboardUART.o (.text._Z10UART2_Initv)
                  00018c00    000000a8     DAC.o (.text._Z8DAC_Initv)
                  00018ca8    000000a8     libsysbm.a : open.c.obj (.text.open)
                  00018d50    000000a4     Timer.o (.text._Z14TimerG0_IntArmtjj)
                  00018df4    000000a2     ST7735.o (.text._ZL11commandListPKh)
                  00018e96    00000002     Switch.o (.text._Z11Switch_Initv)
                  00018e98    0000009c     ST7735.o (.text._Z17ST7735_InitPrintfv)
                  00018f34    00000098     ST7735.o (.text._Z12ST7735_InitR10initRFlags)
                  00018fcc    00000090     Lab9HMain.o (.text._Z9drawScoreiii)
                  0001905c    00000088     ST7735.o (.text._ZL13setAddrWindowhhhh)
                  000190e4    00000084     ST7735.o (.text._Z17ST7735_DrawStringttPcs)
                  00019168    00000084     Lab9HMain.o (.text._Z6failedci)
                  000191ec    00000084     libc.a : fopen.c.obj (.text.fopen)
                  00019270    0000007c     LaunchPad.o (.text._Z14LaunchPad_Initv)
                  000192ec    0000007c     libc.a : fclose.c.obj (.text.__TI_closefile)
                  00019368    00000078     Lab9HMain.o (.text._Z8drawTimei)
                  000193e0    00000070     Lab9HMain.o (.text._Z10getTestRowi)
                  00019450    00000070     ST7735.o (.text._Z16ST7735_DrawPixelsst)
                  000194c0    0000006c     Lab9HMain.o (.text._Z14firstWordInRowi)
                  0001952c    0000006c     libc.a : getdevice.c.obj (.text.getdevice)
                  00019598    00000068     libsysbm.a : hostlseek.c.obj (.text.HOSTlseek)
                  00019600    00000068                : hostrename.c.obj (.text.HOSTrename)
                  00019668    00000068     libc.a : copy_decompress_lzss.c.obj (.text:decompress:lzss)
                  000196d0    00000064     Sound.o (.text.SysTick_Handler)
                  00019734    00000064     libc.a : memory.c.obj (.text.split)
                  00019798    00000060     KeyboardUART.o (.text.UART2_IRQHandler)
                  000197f8    0000005c     libsysbm.a : hostopen.c.obj (.text.HOSTopen)
                  00019854    00000058                : hostread.c.obj (.text.HOSTread)
                  000198ac    00000058                : hostwrite.c.obj (.text.HOSTwrite)
                  00019904    00000058     JoyStick.o (.text._Z11JoyStick_InPjS_)
                  0001995c    00000056     libclang_rt.builtins.a : aeabi_idivmod.S.obj (.text)
                  000199b2    00000002     LED.o (.text._Z8LED_Initv)
                  000199b4    00000054     libc.a : autoinit.c.obj (.text:__TI_auto_init_nobinit)
                  00019a08    00000050            : fflush.c.obj (.text.__TI_doflush)
                  00019a58    00000050     libsysbm.a : close.c.obj (.text.close)
                  00019aa8    0000004c     FIFO.o (.text._Z10RxFifo_Getv)
                  00019af4    0000004c     FIFO.o (.text._Z10RxFifo_Putc)
                  00019b40    0000004c     FIFO2.o (.text._Z14ASCII_Fifo_Getv)
                  00019b8c    00000048     libsysbm.a : hostclose.c.obj (.text.HOSTclose)
                  00019bd4    00000048                : hostunlink.c.obj (.text.HOSTunlink)
                  00019c1c    00000048     SPI.o (.text._Z14SPI_OutCommandc)
                  00019c64    00000040     TExaS.o (.text.TIMG7_IRQHandler)
                  00019ca4    00000040     Lab9HMain.o (.text._Z11indexOfChari)
                  00019ce4    00000040     FIFO2.o (.text._Z14ASCII_Fifo_Putc)
                  00019d24    00000040     Lab9HMain.o (.text._Z8randWord10Language_t)
                  00019d64    00000040     SPI.o (.text._Z9SPI_Resetv)
                  00019da4    00000040     libclang_rt.builtins.a : aeabi_uidivmod.S.obj (.text)
                  00019de4    00000038     SPI.o (.text._Z11SPI_OutDatac)
                  00019e1c    00000038     JoyStick.o (.text._Z13JoyStick_Initv)
                  00019e54    00000038     LaunchPad.o (.text._Z15ActivatePortA_Bv)
                  00019e8c    00000038     Lab9HMain.o (.text._Z8initTest10Language_t)
                  00019ec4    00000038     libc.a : getdevice.c.obj (.text.finddevice)
                  00019efc    00000034     Sound.o (.text._Z10Sound_Initjj)
                  00019f30    00000034     ST7735.o (.text._Z12ST7735_writeiPKcj)
                  00019f64    00000034     Clock.o (.text._Z14Clock_Delay1msj)
                  00019f98    00000034     ST7735.o (.text._Z16ST7735_SetCursorjj)
                  00019fcc    00000034     libc.a : fopen.c.obj (.text.__TI_cleanup)
                  0001a000    00000034     libsysbm.a : trgmsg.c.obj (.text.__TI_readmsg)
                  0001a034    00000034                : trgmsg.c.obj (.text.__TI_writemsg)
                  0001a068    00000034     libc.a : exit.c.obj (.text.exit)
                  0001a09c    00000034            : fopen.c.obj (.text.freopen)
                  0001a0d0    00000032     ST7735.o (.text._Z15ST7735_Color565hhh)
                  0001a102    00000002     libclang_rt.builtins.a : aeabi_div0.c.obj (.text.__aeabi_idiv0)
                  0001a104    00000030     ST7735.o (.text._ZL10commonInitPKh)
                  0001a134    0000002c     ST7735.o (.text._Z17ST7735_FillScreent)
                  0001a160    0000002c     libsysbm.a : unlink.c.obj (.text.unlink)
                  0001a18c    00000028     Lab9HMain.o (.text.TIMG12_IRQHandler)
                  0001a1b4    00000028     libc.a : memory.c.obj (.text.free_list_insert)
                  0001a1dc    00000028     libsysbm.a : write.c.obj (.text.write)
                  0001a204    00000028     libc.a : boot_cortex_m.c.obj (.text:_c_int00_noargs)
                  0001a22c    00000026     ST7735.o (.text._Z16ST7735_OutStringPc)
                  0001a252    00000002     libc.a : _lock.c.obj (.text._nop)
                  0001a254    00000024     Sound.o (.text._Z23Sound_Start_FrequencyHzj)
                  0001a278    00000024     Lab9HMain.o (.text._Z6lengthPc)
                  0001a29c    00000022     ST7735.o (.text._Z20ST7735_InvertDisplayi)
                  0001a2be    00000002     --HOLE-- [fill = 0]
                  0001a2c0    00000020     Lab9HMain.o (.text.TIMG0_IRQHandler)
                  0001a2e0    00000020     Sound.o (.text._Z11Sound_Startj)
                  0001a300    00000020     Lab9HMain.o (.text._Z8Random32v)
                  0001a320    0000001e     ST7735.o (.text._ZL9pushColort)
                  0001a33e    00000002     --HOLE-- [fill = 0]
                  0001a340    0000001c     Sound.o (.text._Z18Sound_Effect_Startj)
                  0001a35c    0000001c     libc.a : memory.c.obj (.text.free_list_remove)
                  0001a378    0000001c     libclang_rt.builtins.a : aeabi_memset.S.obj (.text)
                  0001a394    00000018     FIFO.o (.text._Z11RxFifo_Initv)
                  0001a3ac    00000018     FIFO.o (.text._Z11RxFifo_Sizev)
                  0001a3c4    00000018     FIFO2.o (.text._Z15ASCII_Fifo_Sizev)
                  0001a3dc    00000018     Lab9HMain.o (.text._Z6Randomj)
                  0001a3f4    00000018     Lab9HMain.o (.text.__cxx_global_var_init.40)
                  0001a40c    00000018     Lab9HMain.o (.text.__cxx_global_var_init.41)
                  0001a424    00000018     Lab9HMain.o (.text.__cxx_global_var_init)
                  0001a43c    00000016     ST7735.o (.text._Z11ST7735_openPKcji)
                  0001a452    00000016     ST7735.o (.text._Z11ST7735_readiPcj)
                  0001a468    00000014     Sound.o (.text._Z10Sound_Typev)
                  0001a47c    00000014     Sound.o (.text._Z12Sound_Failedv)
                  0001a490    00000014     Sound.o (.text._Z13Sound_Startupv)
                  0001a4a4    00000014     Sound.o (.text._Z13Sound_Timeoutv)
                  0001a4b8    00000014     DAC.o (.text._Z7DAC_Outj)
                  0001a4cc    00000012     libc.a : memcpy16.S.obj (.text:TI_memcpy_small)
                  0001a4de    00000012            : copy_decompress_none.c.obj (.text:decompress:none)
                  0001a4f0    00000010     Lab9HMain.o (.text._GLOBAL__sub_I_Lab9HMain.cpp)
                  0001a500    00000010     Clock.o (.text._Z11Clock_Delayj)
                  0001a510    00000010     libc.a : copy_zero_init.c.obj (.text:decompress:ZI)
                  0001a520    0000000e     ST7735.o (.text._Z12ST7735_lseekili)
                  0001a52e    0000000e     SlidePot.o (.text._ZN8SlidePotC2Ejj)
                  0001a53c    0000000e     libsysbm.a : hostrename.c.obj (.text.strcpy)
                  0001a54a    0000000e                : hostrename.c.obj (.text.strlen)
                  0001a558    0000000e     libc.a : memset16.S.obj (.text:TI_memset_small)
                  0001a566    00000002     --HOLE-- [fill = 0]
                  0001a568    0000000c     Clock.o (.text._Z10Clock_Freqv)
                  0001a574    0000000c     Sound.o (.text._Z10Sound_Stopv)
                  0001a580    0000000c     ST7735.o (.text._Z13ST7735_renamePKcS0_)
                  0001a58c    0000000c     libc.a : memory.c.obj (.text.malloc)
                  0001a598    0000000a     ST7735.o (.text._Z12ST7735_closei)
                  0001a5a2    0000000a     ST7735.o (.text._Z13ST7735_unlinkPKc)
                  0001a5ac    0000000a     Lab9HMain.o (.text._Z8PLL_Initv)
                  0001a5b6    00000008     libsysbm.a : remove.c.obj (.text.remove)
                  0001a5be    00000002     --HOLE-- [fill = 0]
                  0001a5c0    00000008     libclang_rt.builtins.a : aeabi_memcpy.S.obj (.text)
                  0001a5c8    00000004     startup_mspm0g3507_ticlang.o (.text.Default_Handler)
                  0001a5cc    00000004     startup_mspm0g3507_ticlang.o (.text.HardFault_Handler)
                  0001a5d0    00000004     startup_mspm0g3507_ticlang.o (.text.Reset_Handler)
                  0001a5d4    00000004     libc.a : pre_init.c.obj (.text._system_pre_init)
                  0001a5d8    00000004            : exit.c.obj (.text:abort)
                  0001a5dc    00000004     --HOLE-- [fill = 0]

.cinit     0    0001a5e8    00000148     
                  0001a5e8    00000120     (.cinit..data.load) [load image, compression = lzss]
                  0001a708    0000000c     (__TI_handler_table)
                  0001a714    00000008     (.cinit..bss.load) [load image, compression = zero_init]
                  0001a71c    00000010     (__TI_cinit_table)
                  0001a72c    00000004     --HOLE-- [fill = 0]

.rodata    0    000000c0    00016ea8     
                  000000c0    0000d14e     Sound.o (.rodata._ZL7startup)
                  0000d20e    00004cd6     Sound.o (.rodata._ZL4fail)
                  00011ee4    00003568     Sound.o (.rodata._ZL4time)
                  0001544c    00000aa4     Sound.o (.rodata._ZL4type)
                  00015ef0    000004fb     ST7735.o (.rodata._ZL4Font)
                  000163eb    00000001     --HOLE-- [fill = 0]
                  000163ec    00000220     Lab9HMain.o (.rodata._ZL16MONKEY_IMAGE_ONE)
                  0001660c    00000220     Lab9HMain.o (.rodata._ZL16MONKEY_IMAGE_TWO)
                  0001682c    000001af     Lab9HMain.o (.rodata.str1.1)
                  000169db    00000001     --HOLE-- [fill = 0]
                  000169dc    000000f8     Lab9HMain.o (.rodata._ZL10SPAIN_FLAG)
                  00016ad4    000000c6     Lab9HMain.o (.rodata._ZL13STOPWATCH_ONE)
                  00016b9a    000000c6     Lab9HMain.o (.rodata._ZL13STOPWATCH_TWO)
                  00016c60    000000c6     Lab9HMain.o (.rodata._ZL14STOPWATCH_FIVE)
                  00016d26    000000c6     Lab9HMain.o (.rodata._ZL14STOPWATCH_FOUR)
                  00016dec    000000c6     Lab9HMain.o (.rodata._ZL15STOPWATCH_THREE)
                  00016eb2    0000003b     ST7735.o (.rodata._ZL5Rcmd1)
                  00016eed    00000036     ST7735.o (.rodata.str1.1)
                  00016f23    0000002b     ST7735.o (.rodata._ZL5Rcmd3)
                  00016f4e    0000000d     ST7735.o (.rodata._ZL10Rcmd2green)
                  00016f5b    0000000d     ST7735.o (.rodata._ZL8Rcmd2red)

.init_array 
*          0    0001a5e0    00000008     
                  0001a5e0    00000004     Lab9HMain.o (.init_array)
                  0001a5e4    00000004     --HOLE-- [fill = 0]

.bss       0    20200000    00001ed6     UNINITIALIZED
                  20200000    00000bb8     Lab9HMain.o (.bss.isError)
                  20200bb8    00000bb8     Lab9HMain.o (.bss.isTyped)
                  20201770    00000320     Lab9HMain.o (.bss.testWords)
                  20201a90    00000120     libsysbm.a : trgmsg.c.obj (.bss:_CIOBUF_)
                  20201bb0    000000ff     Keyboard.o (.bss.ScanCodetoASCII)
                  20201caf    000000ff     Keyboard.o (.bss.ShiftScanCodetoASCII)
                  20201dae    000000a0     (.common:__TI_tmpnams)
                  20201e4e    00000040     FIFO2.o (.bss._ZL10ASCII_Fifo)
                  20201e8e    00000010     FIFO.o (.bss._ZL6RxFifo)
                  20201e9e    00000008     (.common:parmbuf)
                  20201ea6    00000001     ST7735.o (.bss._ZL8ColStart)
                  20201ea7    00000001     ST7735.o (.bss._ZL8Rotation)
                  20201ea8    00000004     FIFO2.o (.bss.GetI)
                  20201eac    00000004     FIFO2.o (.bss.PutI)
                  20201eb0    00000004     FIFO.o (.bss.RxGetI)
                  20201eb4    00000004     FIFO.o (.bss.RxPutI)
                  20201eb8    00000004     TExaS.o (.bss.TExaSLogic)
                  20201ebc    00000004     TExaS.o (.bss.TExaSadc)
                  20201ec0    00000004     Lab9HMain.o (.bss.XData)
                  20201ec4    00000004     Lab9HMain.o (.bss.YData)
                  20201ec8    00000004     Sound.o (.bss.sfxIndex)
                  20201ecc    00000004     libc.a : memory.c.obj (.bss.sys_free)
                  20201ed0    00000004     Lab9HMain.o (.bss.timer)
                  20201ed4    00000001     ST7735.o (.bss._ZL8RowStart)
                  20201ed5    00000001     ST7735.o (.bss._ZL8TabColor)

.data      0    20201ed8    000002e9     UNINITIALIZED
                  20201ed8    000000f0     libc.a : defs.c.obj (.data._ftable)
                  20201fc8    00000078     libsysbm.a : host_device.c.obj (.data._device)
                  20202040    00000050                : host_device.c.obj (.data._stream)
                  20202090    00000050     Lab9HMain.o (.data.englishWords)
                  202020e0    00000050     Lab9HMain.o (.data.spanishWords)
                  20202130    00000014     Lab9HMain.o (.data.Sensor)
                  20202144    00000010     Sound.o (.data.sfxFrequency)
                  20202154    00000010     Sound.o (.data.soundSizes)
                  20202164    00000010     Sound.o (.data.sounds)
                  20202174    00000008     libc.a : exit.c.obj (.data..L_MergedGlobals)
                  2020217c    00000004     Clock.o (.data.BusFreq)
                  20202180    00000004     Lab9HMain.o (.data.M)
                  20202184    00000004     ST7735.o (.data.StX)
                  20202188    00000004     ST7735.o (.data.StY)
                  2020218c    00000004     libc.a : defs.c.obj (.data.__TI_ft_end)
                  20202190    00000004            : _lock.c.obj (.data._lock)
                  20202194    00000004            : _lock.c.obj (.data._unlock)
                  20202198    00000004     Lab9HMain.o (.data.rowWidth)
                  2020219c    00000004     Lab9HMain.o (.data.seconds)
                  202021a0    00000004     Sound.o (.data.sound)
                  202021a4    00000004     Lab9HMain.o (.data.testgoop)
                  202021a8    00000002     ST7735.o (.data.StTextColor)
                  202021aa    00000002     Lab9HMain.o (.data._ZL16BACKGROUND_COLOR)
                  202021ac    00000002     Lab9HMain.o (.data._ZL23TEST_TEXT_COLOR_UNTYPED)
                  202021ae    00000002     ST7735.o (.data._ZL6_width)
                  202021b0    00000002     ST7735.o (.data._ZL7_height)
                  202021b2    00000001     Keyboard.o (.data.ignore)
                  202021b3    00000001     Keyboard.o (.data.shiftFlag)
                  202021b4    00000001     libc.a : fopen.c.obj (.data._search_fp.init)
                  202021b5    00000003     --HOLE--
                  202021b8    00000001     libsysbm.a : add_device.c.obj (.data.add_device.device_init)
                  202021b9    00000003     --HOLE--
                  202021bc    00000001     libc.a : memory.c.obj (.data.memory_is_initialized)
                  202021bd    00000003     --HOLE--
                  202021c0    00000001     libsysbm.a : open.c.obj (.data.open.stream_init)

.sysmem    0    202021c8    00000200     UNINITIALIZED
                  202021c8    00000010     libc.a : memory.c.obj (.sysmem)
                  202021d8    000001f0     --HOLE--

.stack     0    20207e00    00000200     UNINITIALIZED
                  20207e00    00000004     libc.a : boot_cortex_m.c.obj (.stack)
                  20207e04    000001fc     --HOLE--

__llvm_prf_cnts 
*          0    20200000    00000000     UNINITIALIZED

__llvm_prf_bits 
*          0    20200000    00000000     UNINITIALIZED

MODULE SUMMARY

       Module                         code    ro data   rw data
       ------                         ----    -------   -------
    .\
       Sound.o                        340     89648     56     
       Lab9HMain.o                    2522    2761      7012   
       ST7735.o                       3480    1457      18     
       Keyboard.o                     1156    0         512    
       Clock.o                        516     0         4      
       SPI.o                          440     0         0      
       ADC.o                          292     0         0      
       KeyboardUART.o                 288     0         0      
       FIFO2.o                        164     0         72     
       FIFO.o                         200     0         24     
       DAC.o                          188     0         0      
       LaunchPad.o                    180     0         0      
       Timer.o                        164     0         0      
       JoyStick.o                     144     0         0      
       TExaS.o                        64      0         8      
       SlidePot.o                     14      0         0      
       LED.o                          2       0         0      
       Switch.o                       2       0         0      
    +--+------------------------------+-------+---------+---------+
       Total:                         10156   93866     7706   
                                                               
    .\ticlang\
       startup_mspm0g3507_ticlang.o   12      192       0      
    +--+------------------------------+-------+---------+---------+
       Total:                         12      192       0      
                                                               
    C:\ti\ccs1240\ccs\tools\compiler\ti-cgt-armllvm_2.1.3.LTS\lib\armv6m-ti-none-eabi/c/libc.a
       memory.c.obj                   752     0         5      
       fopen.c.obj                    552     0         1      
       defs.c.obj                     0       0         404    
       setvbuf.c.obj                  224     0         0      
       getdevice.c.obj                164     0         0      
       fclose.c.obj                   124     0         0      
       copy_decompress_lzss.c.obj     104     0         0      
       autoinit.c.obj                 84      0         0      
       fflush.c.obj                   80      0         0      
       exit.c.obj                     56      0         8      
       boot_cortex_m.c.obj            40      0         0      
       copy_decompress_none.c.obj     18      0         0      
       memcpy16.S.obj                 18      0         0      
       copy_zero_init.c.obj           16      0         0      
       memset16.S.obj                 14      0         0      
       _lock.c.obj                    2       0         8      
       pre_init.c.obj                 4       0         0      
    +--+------------------------------+-------+---------+---------+
       Total:                         2252    0         426    
                                                               
    C:\ti\ccs1240\ccs\tools\compiler\ti-cgt-armllvm_2.1.3.LTS\lib\armv6m-ti-none-eabi/c/libsysbm.a
       trgmsg.c.obj                   104     0         288    
       add_device.c.obj               232     0         1      
       host_device.c.obj              0       0         200    
       open.c.obj                     168     0         1      
       hostrename.c.obj               132     0         0      
       hostlseek.c.obj                104     0         0      
       hostopen.c.obj                 92      0         8      
       hostread.c.obj                 88      0         0      
       hostwrite.c.obj                88      0         0      
       close.c.obj                    80      0         0      
       hostclose.c.obj                72      0         0      
       hostunlink.c.obj               72      0         0      
       unlink.c.obj                   44      0         0      
       write.c.obj                    40      0         0      
       remove.c.obj                   8       0         0      
    +--+------------------------------+-------+---------+---------+
       Total:                         1324    0         498    
                                                               
    C:\ti\ccs1240\ccs\tools\compiler\ti-cgt-armllvm_2.1.3.LTS\lib\clang/14.0.6/lib/armv6m-ti-none-eabi/libclang_rt.builtins.a
       aeabi_idivmod.S.obj            86      0         0      
       aeabi_uidivmod.S.obj           64      0         0      
       aeabi_memset.S.obj             28      0         0      
       aeabi_memcpy.S.obj             8       0         0      
       aeabi_div0.c.obj               2       0         0      
    +--+------------------------------+-------+---------+---------+
       Total:                         188     0         0      
                                                               
       Heap:                          0       0         512    
       Stack:                         0       0         512    
       Linker Generated:              0       324       0      
    +--+------------------------------+-------+---------+---------+
       Grand Total:                   13932   94382     9654   


LINKER GENERATED COPY TABLES

__TI_cinit_table @ 0001a71c records: 2, size/record: 8, table size: 16
	.data: load addr=0001a5e8, load size=00000120 bytes, run addr=20201ed8, run size=000002e9 bytes, compression=lzss
	.bss: load addr=0001a714, load size=00000008 bytes, run addr=20200000, run size=00001ed6 bytes, compression=zero_init


LINKER GENERATED HANDLER TABLE

__TI_handler_table @ 0001a708 records: 3, size/record: 4, table size: 12
	index: 0, handler: __TI_decompress_lzss
	index: 1, handler: __TI_decompress_none
	index: 2, handler: __TI_zero_init


GLOBAL SYMBOLS: SORTED ALPHABETICALLY BY Name 

address   name                            
-------   ----                            
0001a5c9  ADC0_IRQHandler                 
0001a5c9  ADC1_IRQHandler                 
0001a5c9  AES_IRQHandler                  
2020217c  BusFreq                         
0001a5d8  C$$EXIT                         
0001a05f  C$$IO$$                         
0001a5c9  CANFD0_IRQHandler               
0001a5c9  DAC0_IRQHandler                 
0001a5c9  DMA_IRQHandler                  
0001a5c9  Default_Handler                 
0001a5c9  GROUP0_IRQHandler               
0001a5c9  GROUP1_IRQHandler               
20201ea8  GetI                            
00019b8d  HOSTclose                       
00019599  HOSTlseek                       
000197f9  HOSTopen                        
00019855  HOSTread                        
00019601  HOSTrename                      
00019bd5  HOSTunlink                      
000198ad  HOSTwrite                       
0001a5cd  HardFault_Handler               
0001a5c9  I2C0_IRQHandler                 
0001a5c9  I2C1_IRQHandler                 
20202180  M                               
0001a5c9  NMI_Handler                     
0001a5c9  PendSV_Handler                  
20201eac  PutI                            
0001a5c9  RTC_IRQHandler                  
0001a5d1  Reset_Handler                   
20201eb0  RxGetI                          
20201eb4  RxPutI                          
0001a5e0  SHT$$INIT_ARRAY$$Base           
0001a5e4  SHT$$INIT_ARRAY$$Limit          
0001a5c9  SPI0_IRQHandler                 
0001a5c9  SPI1_IRQHandler                 
0001a5c9  SVC_Handler                     
20201bb0  ScanCodetoASCII                 
20202130  Sensor                          
20201caf  ShiftScanCodetoASCII            
202021a8  StTextColor                     
20202184  StX                             
20202188  StY                             
000196d1  SysTick_Handler                 
20201eb8  TExaSLogic                      
20201ebc  TExaSadc                        
0001a5c9  TIMA0_IRQHandler                
0001a5c9  TIMA1_IRQHandler                
0001a2c1  TIMG0_IRQHandler                
0001a18d  TIMG12_IRQHandler               
0001a5c9  TIMG6_IRQHandler                
00019c65  TIMG7_IRQHandler                
0001a5c9  TIMG8_IRQHandler                
0001a4cd  TI_memcpy_small                 
0001a559  TI_memset_small                 
0001a5c9  UART0_IRQHandler                
0001a5c9  UART1_IRQHandler                
00019799  UART2_IRQHandler                
0001a5c9  UART3_IRQHandler                
20201ec0  XData                           
20201ec4  YData                           
20201a90  _CIOBUF_                        
0001a569  _Z10Clock_Freqv                 
00019aa9  _Z10RxFifo_Getv                 
00019af5  _Z10RxFifo_Putc                 
00019efd  _Z10Sound_Initjj                
0001a575  _Z10Sound_Stopv                 
0001a469  _Z10Sound_Typev                 
00018b41  _Z10UART2_Initv                 
000193e1  _Z10getTestRowi                 
0001a501  _Z11Clock_Delayj                
00019905  _Z11JoyStick_InPjS_             
0001a395  _Z11RxFifo_Initv                
0001a3ad  _Z11RxFifo_Sizev                
00019de5  _Z11SPI_OutDatac                
0001a43d  _Z11ST7735_openPKcji            
0001a453  _Z11ST7735_readiPcj             
0001a2e1  _Z11Sound_Startj                
00018e97  _Z11Switch_Initv                
00017ded  _Z11displayTesti                
00019ca5  _Z11indexOfChari                
00018451  _Z12ADC_InitDualP10ADC12_Regsjjj
00018f35  _Z12ST7735_InitR10initRFlags    
0001a599  _Z12ST7735_closei               
0001a521  _Z12ST7735_lseekili             
00019f31  _Z12ST7735_writeiPKcj           
0001a47d  _Z12Sound_Failedv               
00019e1d  _Z13JoyStick_Initv              
00017391  _Z13Keyboard_Initv              
0001a581  _Z13ST7735_renamePKcS0_         
0001a5a3  _Z13ST7735_unlinkPKc            
0001a491  _Z13Sound_Startupv              
0001a4a5  _Z13Sound_Timeoutv              
00019b41  _Z14ASCII_Fifo_Getv             
00019ce5  _Z14ASCII_Fifo_Putc             
00019f65  _Z14Clock_Delay1msj             
00019271  _Z14LaunchPad_Initv             
00019c1d  _Z14SPI_OutCommandc             
000181f1  _Z14ST7735_OutCharc             
00018d51  _Z14TimerG0_IntArmtjj           
000194c1  _Z14firstWordInRowi             
0001a3c5  _Z15ASCII_Fifo_Sizev            
00019e55  _Z15ActivatePortA_Bv            
000178f5  _Z15Clock_Init80MHzi            
0001a0d1  _Z15ST7735_Color565hhh          
00017aa9  _Z15ST7735_DrawCharsscssh       
00018575  _Z15ST7735_FillRectsssst        
00017c4d  _Z16ST7735_DrawCharSsscssh      
00019451  _Z16ST7735_DrawPixelsst         
0001a22d  _Z16ST7735_OutStringPc          
00019f99  _Z16ST7735_SetCursorjj          
000176e5  _Z17ST7735_DrawBitmapssPKtss    
000190e5  _Z17ST7735_DrawStringttPcs      
0001a135  _Z17ST7735_FillScreent          
00018e99  _Z17ST7735_InitPrintfv          
00018885  _Z18ST7735_SetRotationh         
0001a341  _Z18Sound_Effect_Startj         
0001a29d  _Z20ST7735_InvertDisplayi       
00018321  _Z22processScanCodetoASCIIv     
0001a255  _Z23Sound_Start_FrequencyHzj    
0001a3dd  _Z6Randomj                      
00019169  _Z6failedci                     
0001a279  _Z6lengthPc                     
0001a4b9  _Z7DAC_Outj                     
00018c01  _Z8DAC_Initv                    
000199b3  _Z8LED_Initv                    
0001a5ad  _Z8PLL_Initv                    
0001a301  _Z8Random32v                    
0001878d  _Z8SPI_Initv                    
00019369  _Z8drawTimei                    
00019e8d  _Z8initTest10Language_t         
00019d25  _Z8randWord10Language_t         
00019d65  _Z9SPI_Resetv                   
00018fcd  _Z9drawScoreiii                 
0001a52f  _ZN8SlidePotC1Ejj               
0001a52f  _ZN8SlidePotC2Ejj               
20201a90  __CIOBUF_                       
20208000  __STACK_END                     
00000200  __STACK_SIZE                    
00000200  __SYSMEM_SIZE                   
0001a71c  __TI_CINIT_Base                 
0001a72c  __TI_CINIT_Limit                
0001a72c  __TI_CINIT_Warm                 
0001a708  __TI_Handler_Table_Base         
0001a714  __TI_Handler_Table_Limit        
000199b5  __TI_auto_init_nobinit          
00019fcd  __TI_cleanup                    
20202174  __TI_cleanup_ptr                
000192ed  __TI_closefile                  
00019669  __TI_decompress_lzss            
0001a4df  __TI_decompress_none            
00019a09  __TI_doflush                    
20202178  __TI_dtors_ptr                  
2020218c  __TI_ft_end                     
ffffffff  __TI_pprof_out_hndl             
ffffffff  __TI_prof_data_size             
ffffffff  __TI_prof_data_start            
0001a001  __TI_readmsg                    
00000000  __TI_static_base__              
20201dae  __TI_tmpnams                    
0001a035  __TI_writemsg                   
0001a511  __TI_zero_init                  
0001995d  __aeabi_idiv                    
0001a103  __aeabi_idiv0                   
0001995d  __aeabi_idivmod                 
0001a389  __aeabi_memclr                  
0001a389  __aeabi_memclr4                 
0001a389  __aeabi_memclr8                 
0001a5c1  __aeabi_memcpy                  
0001a5c1  __aeabi_memcpy4                 
0001a5c1  __aeabi_memcpy8                 
0001a379  __aeabi_memset                  
0001a379  __aeabi_memset4                 
0001a379  __aeabi_memset8                 
00019da5  __aeabi_uidiv                   
00019da5  __aeabi_uidivmod                
ffffffff  __binit__                       
UNDEFED   __mpu_init                      
20207e00  __stack                         
20200000  __start___llvm_prf_bits         
20200000  __start___llvm_prf_cnts         
20200000  __stop___llvm_prf_bits          
20200000  __stop___llvm_prf_cnts          
0001a205  _c_int00_noargs                 
20201fc8  _device                         
20201ed8  _ftable                         
20202190  _lock                           
0001a253  _nop                            
20202040  _stream                         
202021c8  _sys_memory                     
UNDEFED   _system_post_cinit              
0001a5d5  _system_pre_init                
20202194  _unlock                         
0001a5d9  abort                           
00018979  add_device                      
000180b5  aligned_alloc                   
ffffffff  binit                           
00019a59  close                           
20202090  englishWords                    
0001a069  exit                            
00019ec5  finddevice                      
000191ed  fopen                           
0001868d  free                            
0001a09d  freopen                         
0001952d  getdevice                       
202021b2  ignore                          
00000000  interruptVectors                
20200000  isError                         
20200bb8  isTyped                         
00016f69  main                            
0001a58d  malloc                          
000180b5  memalign                        
00018ca9  open                            
20201e9e  parmbuf                         
0001a5b7  remove                          
20202198  rowWidth                        
2020219c  seconds                         
00018a61  setvbuf                         
20202144  sfxFrequency                    
20201ec8  sfxIndex                        
202021b3  shiftFlag                       
202021a0  sound                           
20202154  soundSizes                      
20202164  sounds                          
202020e0  spanishWords                    
20201770  testWords                       
202021a4  testgoop                        
20201ed0  timer                           
0001a161  unlink                          
0001a1dd  write                           


GLOBAL SYMBOLS: SORTED BY Symbol Address 

address   name                            
-------   ----                            
00000000  __TI_static_base__              
00000000  interruptVectors                
00000200  __STACK_SIZE                    
00000200  __SYSMEM_SIZE                   
00016f69  main                            
00017391  _Z13Keyboard_Initv              
000176e5  _Z17ST7735_DrawBitmapssPKtss    
000178f5  _Z15Clock_Init80MHzi            
00017aa9  _Z15ST7735_DrawCharsscssh       
00017c4d  _Z16ST7735_DrawCharSsscssh      
00017ded  _Z11displayTesti                
000180b5  aligned_alloc                   
000180b5  memalign                        
000181f1  _Z14ST7735_OutCharc             
00018321  _Z22processScanCodetoASCIIv     
00018451  _Z12ADC_InitDualP10ADC12_Regsjjj
00018575  _Z15ST7735_FillRectsssst        
0001868d  free                            
0001878d  _Z8SPI_Initv                    
00018885  _Z18ST7735_SetRotationh         
00018979  add_device                      
00018a61  setvbuf                         
00018b41  _Z10UART2_Initv                 
00018c01  _Z8DAC_Initv                    
00018ca9  open                            
00018d51  _Z14TimerG0_IntArmtjj           
00018e97  _Z11Switch_Initv                
00018e99  _Z17ST7735_InitPrintfv          
00018f35  _Z12ST7735_InitR10initRFlags    
00018fcd  _Z9drawScoreiii                 
000190e5  _Z17ST7735_DrawStringttPcs      
00019169  _Z6failedci                     
000191ed  fopen                           
00019271  _Z14LaunchPad_Initv             
000192ed  __TI_closefile                  
00019369  _Z8drawTimei                    
000193e1  _Z10getTestRowi                 
00019451  _Z16ST7735_DrawPixelsst         
000194c1  _Z14firstWordInRowi             
0001952d  getdevice                       
00019599  HOSTlseek                       
00019601  HOSTrename                      
00019669  __TI_decompress_lzss            
000196d1  SysTick_Handler                 
00019799  UART2_IRQHandler                
000197f9  HOSTopen                        
00019855  HOSTread                        
000198ad  HOSTwrite                       
00019905  _Z11JoyStick_InPjS_             
0001995d  __aeabi_idiv                    
0001995d  __aeabi_idivmod                 
000199b3  _Z8LED_Initv                    
000199b5  __TI_auto_init_nobinit          
00019a09  __TI_doflush                    
00019a59  close                           
00019aa9  _Z10RxFifo_Getv                 
00019af5  _Z10RxFifo_Putc                 
00019b41  _Z14ASCII_Fifo_Getv             
00019b8d  HOSTclose                       
00019bd5  HOSTunlink                      
00019c1d  _Z14SPI_OutCommandc             
00019c65  TIMG7_IRQHandler                
00019ca5  _Z11indexOfChari                
00019ce5  _Z14ASCII_Fifo_Putc             
00019d25  _Z8randWord10Language_t         
00019d65  _Z9SPI_Resetv                   
00019da5  __aeabi_uidiv                   
00019da5  __aeabi_uidivmod                
00019de5  _Z11SPI_OutDatac                
00019e1d  _Z13JoyStick_Initv              
00019e55  _Z15ActivatePortA_Bv            
00019e8d  _Z8initTest10Language_t         
00019ec5  finddevice                      
00019efd  _Z10Sound_Initjj                
00019f31  _Z12ST7735_writeiPKcj           
00019f65  _Z14Clock_Delay1msj             
00019f99  _Z16ST7735_SetCursorjj          
00019fcd  __TI_cleanup                    
0001a001  __TI_readmsg                    
0001a035  __TI_writemsg                   
0001a05f  C$$IO$$                         
0001a069  exit                            
0001a09d  freopen                         
0001a0d1  _Z15ST7735_Color565hhh          
0001a103  __aeabi_idiv0                   
0001a135  _Z17ST7735_FillScreent          
0001a161  unlink                          
0001a18d  TIMG12_IRQHandler               
0001a1dd  write                           
0001a205  _c_int00_noargs                 
0001a22d  _Z16ST7735_OutStringPc          
0001a253  _nop                            
0001a255  _Z23Sound_Start_FrequencyHzj    
0001a279  _Z6lengthPc                     
0001a29d  _Z20ST7735_InvertDisplayi       
0001a2c1  TIMG0_IRQHandler                
0001a2e1  _Z11Sound_Startj                
0001a301  _Z8Random32v                    
0001a341  _Z18Sound_Effect_Startj         
0001a379  __aeabi_memset                  
0001a379  __aeabi_memset4                 
0001a379  __aeabi_memset8                 
0001a389  __aeabi_memclr                  
0001a389  __aeabi_memclr4                 
0001a389  __aeabi_memclr8                 
0001a395  _Z11RxFifo_Initv                
0001a3ad  _Z11RxFifo_Sizev                
0001a3c5  _Z15ASCII_Fifo_Sizev            
0001a3dd  _Z6Randomj                      
0001a43d  _Z11ST7735_openPKcji            
0001a453  _Z11ST7735_readiPcj             
0001a469  _Z10Sound_Typev                 
0001a47d  _Z12Sound_Failedv               
0001a491  _Z13Sound_Startupv              
0001a4a5  _Z13Sound_Timeoutv              
0001a4b9  _Z7DAC_Outj                     
0001a4cd  TI_memcpy_small                 
0001a4df  __TI_decompress_none            
0001a501  _Z11Clock_Delayj                
0001a511  __TI_zero_init                  
0001a521  _Z12ST7735_lseekili             
0001a52f  _ZN8SlidePotC1Ejj               
0001a52f  _ZN8SlidePotC2Ejj               
0001a559  TI_memset_small                 
0001a569  _Z10Clock_Freqv                 
0001a575  _Z10Sound_Stopv                 
0001a581  _Z13ST7735_renamePKcS0_         
0001a58d  malloc                          
0001a599  _Z12ST7735_closei               
0001a5a3  _Z13ST7735_unlinkPKc            
0001a5ad  _Z8PLL_Initv                    
0001a5b7  remove                          
0001a5c1  __aeabi_memcpy                  
0001a5c1  __aeabi_memcpy4                 
0001a5c1  __aeabi_memcpy8                 
0001a5c9  ADC0_IRQHandler                 
0001a5c9  ADC1_IRQHandler                 
0001a5c9  AES_IRQHandler                  
0001a5c9  CANFD0_IRQHandler               
0001a5c9  DAC0_IRQHandler                 
0001a5c9  DMA_IRQHandler                  
0001a5c9  Default_Handler                 
0001a5c9  GROUP0_IRQHandler               
0001a5c9  GROUP1_IRQHandler               
0001a5c9  I2C0_IRQHandler                 
0001a5c9  I2C1_IRQHandler                 
0001a5c9  NMI_Handler                     
0001a5c9  PendSV_Handler                  
0001a5c9  RTC_IRQHandler                  
0001a5c9  SPI0_IRQHandler                 
0001a5c9  SPI1_IRQHandler                 
0001a5c9  SVC_Handler                     
0001a5c9  TIMA0_IRQHandler                
0001a5c9  TIMA1_IRQHandler                
0001a5c9  TIMG6_IRQHandler                
0001a5c9  TIMG8_IRQHandler                
0001a5c9  UART0_IRQHandler                
0001a5c9  UART1_IRQHandler                
0001a5c9  UART3_IRQHandler                
0001a5cd  HardFault_Handler               
0001a5d1  Reset_Handler                   
0001a5d5  _system_pre_init                
0001a5d8  C$$EXIT                         
0001a5d9  abort                           
0001a5e0  SHT$$INIT_ARRAY$$Base           
0001a5e4  SHT$$INIT_ARRAY$$Limit          
0001a708  __TI_Handler_Table_Base         
0001a714  __TI_Handler_Table_Limit        
0001a71c  __TI_CINIT_Base                 
0001a72c  __TI_CINIT_Limit                
0001a72c  __TI_CINIT_Warm                 
20200000  __start___llvm_prf_bits         
20200000  __start___llvm_prf_cnts         
20200000  __stop___llvm_prf_bits          
20200000  __stop___llvm_prf_cnts          
20200000  isError                         
20200bb8  isTyped                         
20201770  testWords                       
20201a90  _CIOBUF_                        
20201a90  __CIOBUF_                       
20201bb0  ScanCodetoASCII                 
20201caf  ShiftScanCodetoASCII            
20201dae  __TI_tmpnams                    
20201e9e  parmbuf                         
20201ea8  GetI                            
20201eac  PutI                            
20201eb0  RxGetI                          
20201eb4  RxPutI                          
20201eb8  TExaSLogic                      
20201ebc  TExaSadc                        
20201ec0  XData                           
20201ec4  YData                           
20201ec8  sfxIndex                        
20201ed0  timer                           
20201ed8  _ftable                         
20201fc8  _device                         
20202040  _stream                         
20202090  englishWords                    
202020e0  spanishWords                    
20202130  Sensor                          
20202144  sfxFrequency                    
20202154  soundSizes                      
20202164  sounds                          
20202174  __TI_cleanup_ptr                
20202178  __TI_dtors_ptr                  
2020217c  BusFreq                         
20202180  M                               
20202184  StX                             
20202188  StY                             
2020218c  __TI_ft_end                     
20202190  _lock                           
20202194  _unlock                         
20202198  rowWidth                        
2020219c  seconds                         
202021a0  sound                           
202021a4  testgoop                        
202021a8  StTextColor                     
202021b2  ignore                          
202021b3  shiftFlag                       
202021c8  _sys_memory                     
20207e00  __stack                         
20208000  __STACK_END                     
ffffffff  __TI_pprof_out_hndl             
ffffffff  __TI_prof_data_size             
ffffffff  __TI_prof_data_start            
ffffffff  __binit__                       
ffffffff  binit                           
UNDEFED   __mpu_init                      
UNDEFED   _system_post_cinit              

[229 symbols]
