<?xml version="1.0" encoding="ISO-8859-1" ?>
<link_info>
   <banner>TI ARM Clang Linker PC v2.1.3.LTS</banner>
   <copyright>Copyright (c) 1996-2018 Texas Instruments Incorporated</copyright>
   <link_time>0x6627e4e6</link_time>
   <link_errors>0x0</link_errors>
   <output_file>ECE319K_Lab9H.out</output_file>
   <entry_point>
      <name>_c_int00_noargs</name>
      <address>0x1a205</address>
   </entry_point>
   <input_file_list>
      <input_file id="fl-1">
         <path>.\</path>
         <kind>object</kind>
         <file>ADC.o</file>
         <name>ADC.o</name>
      </input_file>
      <input_file id="fl-2">
         <path>.\</path>
         <kind>object</kind>
         <file>Clock.o</file>
         <name>Clock.o</name>
      </input_file>
      <input_file id="fl-3">
         <path>.\</path>
         <kind>object</kind>
         <file>DAC.o</file>
         <name>DAC.o</name>
      </input_file>
      <input_file id="fl-4">
         <path>.\</path>
         <kind>object</kind>
         <file>DAC5.o</file>
         <name>DAC5.o</name>
      </input_file>
      <input_file id="fl-5">
         <path>.\</path>
         <kind>object</kind>
         <file>FIFO.o</file>
         <name>FIFO.o</name>
      </input_file>
      <input_file id="fl-6">
         <path>.\</path>
         <kind>object</kind>
         <file>FIFO2.o</file>
         <name>FIFO2.o</name>
      </input_file>
      <input_file id="fl-7">
         <path>.\</path>
         <kind>object</kind>
         <file>JoyStick.o</file>
         <name>JoyStick.o</name>
      </input_file>
      <input_file id="fl-8">
         <path>.\</path>
         <kind>object</kind>
         <file>Keyboard.o</file>
         <name>Keyboard.o</name>
      </input_file>
      <input_file id="fl-9">
         <path>.\</path>
         <kind>object</kind>
         <file>KeyboardUART.o</file>
         <name>KeyboardUART.o</name>
      </input_file>
      <input_file id="fl-a">
         <path>.\</path>
         <kind>object</kind>
         <file>LED.o</file>
         <name>LED.o</name>
      </input_file>
      <input_file id="fl-b">
         <path>.\</path>
         <kind>object</kind>
         <file>Lab9HMain.o</file>
         <name>Lab9HMain.o</name>
      </input_file>
      <input_file id="fl-c">
         <path>.\</path>
         <kind>object</kind>
         <file>LaunchPad.o</file>
         <name>LaunchPad.o</name>
      </input_file>
      <input_file id="fl-d">
         <path>.\</path>
         <kind>object</kind>
         <file>List.o</file>
         <name>List.o</name>
      </input_file>
      <input_file id="fl-e">
         <path>.\</path>
         <kind>object</kind>
         <file>Math.o</file>
         <name>Math.o</name>
      </input_file>
      <input_file id="fl-f">
         <path>.\</path>
         <kind>object</kind>
         <file>Node.o</file>
         <name>Node.o</name>
      </input_file>
      <input_file id="fl-10">
         <path>.\</path>
         <kind>object</kind>
         <file>SPI.o</file>
         <name>SPI.o</name>
      </input_file>
      <input_file id="fl-11">
         <path>.\</path>
         <kind>object</kind>
         <file>ST7735.o</file>
         <name>ST7735.o</name>
      </input_file>
      <input_file id="fl-12">
         <path>.\</path>
         <kind>object</kind>
         <file>SlidePot.o</file>
         <name>SlidePot.o</name>
      </input_file>
      <input_file id="fl-13">
         <path>.\</path>
         <kind>object</kind>
         <file>SmallFont.o</file>
         <name>SmallFont.o</name>
      </input_file>
      <input_file id="fl-14">
         <path>.\</path>
         <kind>object</kind>
         <file>Sound.o</file>
         <name>Sound.o</name>
      </input_file>
      <input_file id="fl-15">
         <path>.\</path>
         <kind>object</kind>
         <file>Switch.o</file>
         <name>Switch.o</name>
      </input_file>
      <input_file id="fl-16">
         <path>.\</path>
         <kind>object</kind>
         <file>TExaS.o</file>
         <name>TExaS.o</name>
      </input_file>
      <input_file id="fl-17">
         <path>.\</path>
         <kind>object</kind>
         <file>Timer.o</file>
         <name>Timer.o</name>
      </input_file>
      <input_file id="fl-18">
         <path>.\images\pipedreams\</path>
         <kind>object</kind>
         <file>PipeSound.o</file>
         <name>PipeSound.o</name>
      </input_file>
      <input_file id="fl-19">
         <path>.\ticlang\</path>
         <kind>object</kind>
         <file>startup_mspm0g3507_ticlang.o</file>
         <name>startup_mspm0g3507_ticlang.o</name>
      </input_file>
      <input_file id="fl-25">
         <kind>object</kind>
         <file>&lt;internal&gt;</file>
         <name>&lt;internal&gt;</name>
      </input_file>
      <input_file id="fl-31">
         <path>C:\ti\ccs1240\ccs\tools\compiler\ti-cgt-armllvm_2.1.3.LTS\lib\armv6m-ti-none-eabi\c\</path>
         <kind>archive</kind>
         <file>libc.a</file>
         <name>fopen.c.obj</name>
      </input_file>
      <input_file id="fl-32">
         <path>C:\ti\ccs1240\ccs\tools\compiler\ti-cgt-armllvm_2.1.3.LTS\lib\armv6m-ti-none-eabi\c\</path>
         <kind>archive</kind>
         <file>libc.a</file>
         <name>setvbuf.c.obj</name>
      </input_file>
      <input_file id="fl-33">
         <path>C:\ti\ccs1240\ccs\tools\compiler\ti-cgt-armllvm_2.1.3.LTS\lib\armv6m-ti-none-eabi\c\</path>
         <kind>archive</kind>
         <file>libc.a</file>
         <name>exit.c.obj</name>
      </input_file>
      <input_file id="fl-34">
         <path>C:\ti\ccs1240\ccs\tools\compiler\ti-cgt-armllvm_2.1.3.LTS\lib\armv6m-ti-none-eabi\c\</path>
         <kind>archive</kind>
         <file>libc.a</file>
         <name>_lock.c.obj</name>
      </input_file>
      <input_file id="fl-35">
         <path>C:\ti\ccs1240\ccs\tools\compiler\ti-cgt-armllvm_2.1.3.LTS\lib\armv6m-ti-none-eabi\c\</path>
         <kind>archive</kind>
         <file>libc.a</file>
         <name>defs.c.obj</name>
      </input_file>
      <input_file id="fl-36">
         <path>C:\ti\ccs1240\ccs\tools\compiler\ti-cgt-armllvm_2.1.3.LTS\lib\armv6m-ti-none-eabi\c\</path>
         <kind>archive</kind>
         <file>libc.a</file>
         <name>memory.c.obj</name>
      </input_file>
      <input_file id="fl-37">
         <path>C:\ti\ccs1240\ccs\tools\compiler\ti-cgt-armllvm_2.1.3.LTS\lib\armv6m-ti-none-eabi\c\</path>
         <kind>archive</kind>
         <file>libc.a</file>
         <name>copy_zero_init.c.obj</name>
      </input_file>
      <input_file id="fl-38">
         <path>C:\ti\ccs1240\ccs\tools\compiler\ti-cgt-armllvm_2.1.3.LTS\lib\armv6m-ti-none-eabi\c\</path>
         <kind>archive</kind>
         <file>libc.a</file>
         <name>copy_decompress_none.c.obj</name>
      </input_file>
      <input_file id="fl-39">
         <path>C:\ti\ccs1240\ccs\tools\compiler\ti-cgt-armllvm_2.1.3.LTS\lib\armv6m-ti-none-eabi\c\</path>
         <kind>archive</kind>
         <file>libc.a</file>
         <name>copy_decompress_lzss.c.obj</name>
      </input_file>
      <input_file id="fl-3a">
         <path>C:\ti\ccs1240\ccs\tools\compiler\ti-cgt-armllvm_2.1.3.LTS\lib\armv6m-ti-none-eabi\c\</path>
         <kind>archive</kind>
         <file>libc.a</file>
         <name>boot_cortex_m.c.obj</name>
      </input_file>
      <input_file id="fl-3b">
         <path>C:\ti\ccs1240\ccs\tools\compiler\ti-cgt-armllvm_2.1.3.LTS\lib\armv6m-ti-none-eabi\c\</path>
         <kind>archive</kind>
         <file>libc.a</file>
         <name>mathacl_init.c.obj</name>
      </input_file>
      <input_file id="fl-3c">
         <path>C:\ti\ccs1240\ccs\tools\compiler\ti-cgt-armllvm_2.1.3.LTS\lib\armv6m-ti-none-eabi\c\</path>
         <kind>archive</kind>
         <file>libc.a</file>
         <name>abs.c.obj</name>
      </input_file>
      <input_file id="fl-3d">
         <path>C:\ti\ccs1240\ccs\tools\compiler\ti-cgt-armllvm_2.1.3.LTS\lib\armv6m-ti-none-eabi\c\</path>
         <kind>archive</kind>
         <file>libc.a</file>
         <name>fclose.c.obj</name>
      </input_file>
      <input_file id="fl-3e">
         <path>C:\ti\ccs1240\ccs\tools\compiler\ti-cgt-armllvm_2.1.3.LTS\lib\armv6m-ti-none-eabi\c\</path>
         <kind>archive</kind>
         <file>libc.a</file>
         <name>fflush.c.obj</name>
      </input_file>
      <input_file id="fl-3f">
         <path>C:\ti\ccs1240\ccs\tools\compiler\ti-cgt-armllvm_2.1.3.LTS\lib\armv6m-ti-none-eabi\c\</path>
         <kind>archive</kind>
         <file>libc.a</file>
         <name>args_main.c.obj</name>
      </input_file>
      <input_file id="fl-40">
         <path>C:\ti\ccs1240\ccs\tools\compiler\ti-cgt-armllvm_2.1.3.LTS\lib\armv6m-ti-none-eabi\c\</path>
         <kind>archive</kind>
         <file>libc.a</file>
         <name>autoinit.c.obj</name>
      </input_file>
      <input_file id="fl-41">
         <path>C:\ti\ccs1240\ccs\tools\compiler\ti-cgt-armllvm_2.1.3.LTS\lib\armv6m-ti-none-eabi\c\</path>
         <kind>archive</kind>
         <file>libc.a</file>
         <name>pre_init.c.obj</name>
      </input_file>
      <input_file id="fl-42">
         <path>C:\ti\ccs1240\ccs\tools\compiler\ti-cgt-armllvm_2.1.3.LTS\lib\armv6m-ti-none-eabi\c\</path>
         <kind>archive</kind>
         <file>libc.a</file>
         <name>cpy_tbl.c.obj</name>
      </input_file>
      <input_file id="fl-7b">
         <path>C:\ti\ccs1240\ccs\tools\compiler\ti-cgt-armllvm_2.1.3.LTS\lib\armv6m-ti-none-eabi\</path>
         <kind>archive</kind>
         <file>libc++abi.a</file>
         <name>stdlib_new_delete.cpp.obj</name>
      </input_file>
      <input_file id="fl-7c">
         <path>C:\ti\ccs1240\ccs\tools\compiler\ti-cgt-armllvm_2.1.3.LTS\lib\armv6m-ti-none-eabi\</path>
         <kind>archive</kind>
         <file>libc++abi.a</file>
         <name>cxa_handlers.cpp.obj</name>
      </input_file>
      <input_file id="fl-7d">
         <path>C:\ti\ccs1240\ccs\tools\compiler\ti-cgt-armllvm_2.1.3.LTS\lib\armv6m-ti-none-eabi\</path>
         <kind>archive</kind>
         <file>libc++abi.a</file>
         <name>abort_message.cpp.obj</name>
      </input_file>
      <input_file id="fl-7e">
         <path>C:\ti\ccs1240\ccs\tools\compiler\ti-cgt-armllvm_2.1.3.LTS\lib\armv6m-ti-none-eabi\</path>
         <kind>archive</kind>
         <file>libc++abi.a</file>
         <name>cxa_default_handlers.cpp.obj</name>
      </input_file>
      <input_file id="fl-7f">
         <path>C:\ti\ccs1240\ccs\tools\compiler\ti-cgt-armllvm_2.1.3.LTS\lib\armv6m-ti-none-eabi\c\</path>
         <kind>archive</kind>
         <file>libsysbm.a</file>
         <name>write.c.obj</name>
      </input_file>
      <input_file id="fl-80">
         <path>C:\ti\ccs1240\ccs\tools\compiler\ti-cgt-armllvm_2.1.3.LTS\lib\armv6m-ti-none-eabi\c\</path>
         <kind>archive</kind>
         <file>libsysbm.a</file>
         <name>host_device.c.obj</name>
      </input_file>
      <input_file id="fl-81">
         <path>C:\ti\ccs1240\ccs\tools\compiler\ti-cgt-armllvm_2.1.3.LTS\lib\armv6m-ti-none-eabi\c\</path>
         <kind>archive</kind>
         <file>libsysbm.a</file>
         <name>remove.c.obj</name>
      </input_file>
      <input_file id="fl-82">
         <path>C:\ti\ccs1240\ccs\tools\compiler\ti-cgt-armllvm_2.1.3.LTS\lib\armv6m-ti-none-eabi\c\</path>
         <kind>archive</kind>
         <file>libsysbm.a</file>
         <name>open.c.obj</name>
      </input_file>
      <input_file id="fl-83">
         <path>C:\ti\ccs1240\ccs\tools\compiler\ti-cgt-armllvm_2.1.3.LTS\lib\armv6m-ti-none-eabi\c\</path>
         <kind>archive</kind>
         <file>libsysbm.a</file>
         <name>close.c.obj</name>
      </input_file>
      <input_file id="fl-84">
         <path>C:\ti\ccs1240\ccs\tools\compiler\ti-cgt-armllvm_2.1.3.LTS\lib\armv6m-ti-none-eabi\c\</path>
         <kind>archive</kind>
         <file>libsysbm.a</file>
         <name>add_device.c.obj</name>
      </input_file>
      <input_file id="fl-85">
         <path>C:\ti\ccs1240\ccs\tools\compiler\ti-cgt-armllvm_2.1.3.LTS\lib\armv6m-ti-none-eabi\c\</path>
         <kind>archive</kind>
         <file>libsysbm.a</file>
         <name>unlink.c.obj</name>
      </input_file>
      <input_file id="fl-86">
         <path>C:\ti\ccs1240\ccs\tools\compiler\ti-cgt-armllvm_2.1.3.LTS\lib\armv6m-ti-none-eabi\c\</path>
         <kind>archive</kind>
         <file>libsysbm.a</file>
         <name>hostclose.c.obj</name>
      </input_file>
      <input_file id="fl-87">
         <path>C:\ti\ccs1240\ccs\tools\compiler\ti-cgt-armllvm_2.1.3.LTS\lib\armv6m-ti-none-eabi\c\</path>
         <kind>archive</kind>
         <file>libsysbm.a</file>
         <name>hostlseek.c.obj</name>
      </input_file>
      <input_file id="fl-88">
         <path>C:\ti\ccs1240\ccs\tools\compiler\ti-cgt-armllvm_2.1.3.LTS\lib\armv6m-ti-none-eabi\c\</path>
         <kind>archive</kind>
         <file>libsysbm.a</file>
         <name>hostopen.c.obj</name>
      </input_file>
      <input_file id="fl-89">
         <path>C:\ti\ccs1240\ccs\tools\compiler\ti-cgt-armllvm_2.1.3.LTS\lib\armv6m-ti-none-eabi\c\</path>
         <kind>archive</kind>
         <file>libsysbm.a</file>
         <name>hostread.c.obj</name>
      </input_file>
      <input_file id="fl-8a">
         <path>C:\ti\ccs1240\ccs\tools\compiler\ti-cgt-armllvm_2.1.3.LTS\lib\armv6m-ti-none-eabi\c\</path>
         <kind>archive</kind>
         <file>libsysbm.a</file>
         <name>hostrename.c.obj</name>
      </input_file>
      <input_file id="fl-8b">
         <path>C:\ti\ccs1240\ccs\tools\compiler\ti-cgt-armllvm_2.1.3.LTS\lib\armv6m-ti-none-eabi\c\</path>
         <kind>archive</kind>
         <file>libsysbm.a</file>
         <name>hostunlink.c.obj</name>
      </input_file>
      <input_file id="fl-8c">
         <path>C:\ti\ccs1240\ccs\tools\compiler\ti-cgt-armllvm_2.1.3.LTS\lib\armv6m-ti-none-eabi\c\</path>
         <kind>archive</kind>
         <file>libsysbm.a</file>
         <name>hostwrite.c.obj</name>
      </input_file>
      <input_file id="fl-8d">
         <path>C:\ti\ccs1240\ccs\tools\compiler\ti-cgt-armllvm_2.1.3.LTS\lib\armv6m-ti-none-eabi\c\</path>
         <kind>archive</kind>
         <file>libsysbm.a</file>
         <name>trgmsg.c.obj</name>
      </input_file>
      <input_file id="fl-8e">
         <path>C:\ti\ccs1240\ccs\tools\compiler\ti-cgt-armllvm_2.1.3.LTS\lib\clang\14.0.6\lib\armv6m-ti-none-eabi\</path>
         <kind>archive</kind>
         <file>libclang_rt.builtins.a</file>
         <name>adddf3.S.obj</name>
      </input_file>
      <input_file id="fl-8f">
         <path>C:\ti\ccs1240\ccs\tools\compiler\ti-cgt-armllvm_2.1.3.LTS\lib\clang\14.0.6\lib\armv6m-ti-none-eabi\</path>
         <kind>archive</kind>
         <file>libclang_rt.builtins.a</file>
         <name>muldf3.S.obj</name>
      </input_file>
      <input_file id="fl-90">
         <path>C:\ti\ccs1240\ccs\tools\compiler\ti-cgt-armllvm_2.1.3.LTS\lib\clang\14.0.6\lib\armv6m-ti-none-eabi\</path>
         <kind>archive</kind>
         <file>libclang_rt.builtins.a</file>
         <name>muldsi3.S.obj</name>
      </input_file>
      <input_file id="fl-91">
         <path>C:\ti\ccs1240\ccs\tools\compiler\ti-cgt-armllvm_2.1.3.LTS\lib\clang\14.0.6\lib\armv6m-ti-none-eabi\</path>
         <kind>archive</kind>
         <file>libclang_rt.builtins.a</file>
         <name>floatunsidf.S.obj</name>
      </input_file>
      <input_file id="fl-92">
         <path>C:\ti\ccs1240\ccs\tools\compiler\ti-cgt-armllvm_2.1.3.LTS\lib\clang\14.0.6\lib\armv6m-ti-none-eabi\</path>
         <kind>archive</kind>
         <file>libclang_rt.builtins.a</file>
         <name>truncdfsf2.S.obj</name>
      </input_file>
      <input_file id="fl-93">
         <path>C:\ti\ccs1240\ccs\tools\compiler\ti-cgt-armllvm_2.1.3.LTS\lib\clang\14.0.6\lib\armv6m-ti-none-eabi\</path>
         <kind>archive</kind>
         <file>libclang_rt.builtins.a</file>
         <name>aeabi_idivmod.S.obj</name>
      </input_file>
      <input_file id="fl-94">
         <path>C:\ti\ccs1240\ccs\tools\compiler\ti-cgt-armllvm_2.1.3.LTS\lib\clang\14.0.6\lib\armv6m-ti-none-eabi\</path>
         <kind>archive</kind>
         <file>libclang_rt.builtins.a</file>
         <name>aeabi_memcpy.S.obj</name>
      </input_file>
      <input_file id="fl-95">
         <path>C:\ti\ccs1240\ccs\tools\compiler\ti-cgt-armllvm_2.1.3.LTS\lib\clang\14.0.6\lib\armv6m-ti-none-eabi\</path>
         <kind>archive</kind>
         <file>libclang_rt.builtins.a</file>
         <name>aeabi_memset.S.obj</name>
      </input_file>
      <input_file id="fl-96">
         <path>C:\ti\ccs1240\ccs\tools\compiler\ti-cgt-armllvm_2.1.3.LTS\lib\clang\14.0.6\lib\armv6m-ti-none-eabi\</path>
         <kind>archive</kind>
         <file>libclang_rt.builtins.a</file>
         <name>aeabi_uidivmod.S.obj</name>
      </input_file>
      <input_file id="fl-97">
         <path>C:\ti\ccs1240\ccs\tools\compiler\ti-cgt-armllvm_2.1.3.LTS\lib\clang\14.0.6\lib\armv6m-ti-none-eabi\</path>
         <kind>archive</kind>
         <file>libclang_rt.builtins.a</file>
         <name>aeabi_div0.c.obj</name>
      </input_file>
      <input_file id="fl-98">
         <path>C:\ti\ccs1240\ccs\tools\compiler\ti-cgt-armllvm_2.1.3.LTS\lib\armv6m-ti-none-eabi\c\</path>
         <kind>archive</kind>
         <file>libc.a</file>
         <name>getdevice.c.obj</name>
      </input_file>
      <input_file id="fl-99">
         <path>C:\ti\ccs1240\ccs\tools\compiler\ti-cgt-armllvm_2.1.3.LTS\lib\armv6m-ti-none-eabi\c\</path>
         <kind>archive</kind>
         <file>libc.a</file>
         <name>memcpy16.S.obj</name>
      </input_file>
      <input_file id="fl-9a">
         <path>C:\ti\ccs1240\ccs\tools\compiler\ti-cgt-armllvm_2.1.3.LTS\lib\armv6m-ti-none-eabi\c\</path>
         <kind>archive</kind>
         <file>libc.a</file>
         <name>memset16.S.obj</name>
      </input_file>
   </input_file_list>
   <object_component_list>
      <object_component id="oc-18">
         <name>.intvecs</name>
         <load_address>0x0</load_address>
         <run_address>0x0</run_address>
         <size>0xc0</size>
         <input_file_ref idref="fl-19"/>
      </object_component>
      <object_component id="oc-92">
         <name>.text.main</name>
         <load_address>0x16f68</load_address>
         <run_address>0x16f68</run_address>
         <size>0x428</size>
         <input_file_ref idref="fl-b"/>
      </object_component>
      <object_component id="oc-cc">
         <name>.text._Z13Keyboard_Initv</name>
         <load_address>0x17390</load_address>
         <run_address>0x17390</run_address>
         <size>0x354</size>
         <input_file_ref idref="fl-8"/>
      </object_component>
      <object_component id="oc-e4">
         <name>.text._Z17ST7735_DrawBitmapssPKtss</name>
         <load_address>0x176e4</load_address>
         <run_address>0x176e4</run_address>
         <size>0x210</size>
         <input_file_ref idref="fl-11"/>
      </object_component>
      <object_component id="oc-12d">
         <name>.text._Z15Clock_Init80MHzi</name>
         <load_address>0x178f4</load_address>
         <run_address>0x178f4</run_address>
         <size>0x1b4</size>
         <input_file_ref idref="fl-2"/>
      </object_component>
      <object_component id="oc-183">
         <name>.text._Z15ST7735_DrawCharsscssh</name>
         <load_address>0x17aa8</load_address>
         <run_address>0x17aa8</run_address>
         <size>0x1a4</size>
         <input_file_ref idref="fl-11"/>
      </object_component>
      <object_component id="oc-1cf">
         <name>.text._Z16ST7735_DrawCharSsscssh</name>
         <load_address>0x17c4c</load_address>
         <run_address>0x17c4c</run_address>
         <size>0x1a0</size>
         <input_file_ref idref="fl-11"/>
      </object_component>
      <object_component id="oc-ee">
         <name>.text._Z11displayTesti</name>
         <load_address>0x17dec</load_address>
         <run_address>0x17dec</run_address>
         <size>0x18c</size>
         <input_file_ref idref="fl-b"/>
      </object_component>
      <object_component id="oc-1b4">
         <name>.text._openfile</name>
         <load_address>0x17f78</load_address>
         <run_address>0x17f78</run_address>
         <size>0x13c</size>
         <input_file_ref idref="fl-31"/>
      </object_component>
      <object_component id="oc-221">
         <name>.text.aligned_alloc</name>
         <load_address>0x180b4</load_address>
         <run_address>0x180b4</run_address>
         <size>0x13c</size>
         <input_file_ref idref="fl-36"/>
      </object_component>
      <object_component id="oc-178">
         <name>.text._Z14ST7735_OutCharc</name>
         <load_address>0x181f0</load_address>
         <run_address>0x181f0</run_address>
         <size>0x130</size>
         <input_file_ref idref="fl-11"/>
      </object_component>
      <object_component id="oc-e1">
         <name>.text._Z22processScanCodetoASCIIv</name>
         <load_address>0x18320</load_address>
         <run_address>0x18320</run_address>
         <size>0x130</size>
         <input_file_ref idref="fl-8"/>
      </object_component>
      <object_component id="oc-168">
         <name>.text._Z12ADC_InitDualP10ADC12_Regsjjj</name>
         <load_address>0x18450</load_address>
         <run_address>0x18450</run_address>
         <size>0x124</size>
         <input_file_ref idref="fl-1"/>
      </object_component>
      <object_component id="oc-e2">
         <name>.text._Z15ST7735_FillRectsssst</name>
         <load_address>0x18574</load_address>
         <run_address>0x18574</run_address>
         <size>0x118</size>
         <input_file_ref idref="fl-11"/>
      </object_component>
      <object_component id="oc-1bf">
         <name>.text.free</name>
         <load_address>0x1868c</load_address>
         <run_address>0x1868c</run_address>
         <size>0x100</size>
         <input_file_ref idref="fl-36"/>
      </object_component>
      <object_component id="oc-1e5">
         <name>.text._Z8SPI_Initv</name>
         <load_address>0x1878c</load_address>
         <run_address>0x1878c</run_address>
         <size>0xf8</size>
         <input_file_ref idref="fl-10"/>
      </object_component>
      <object_component id="oc-c0">
         <name>.text._Z18ST7735_SetRotationh</name>
         <load_address>0x18884</load_address>
         <run_address>0x18884</run_address>
         <size>0xf4</size>
         <input_file_ref idref="fl-11"/>
      </object_component>
      <object_component id="oc-136">
         <name>.text.add_device</name>
         <load_address>0x18978</load_address>
         <run_address>0x18978</run_address>
         <size>0xe8</size>
         <input_file_ref idref="fl-84"/>
      </object_component>
      <object_component id="oc-141">
         <name>.text.setvbuf</name>
         <load_address>0x18a60</load_address>
         <run_address>0x18a60</run_address>
         <size>0xe0</size>
         <input_file_ref idref="fl-32"/>
      </object_component>
      <object_component id="oc-cb">
         <name>.text._Z10UART2_Initv</name>
         <load_address>0x18b40</load_address>
         <run_address>0x18b40</run_address>
         <size>0xc0</size>
         <input_file_ref idref="fl-9"/>
      </object_component>
      <object_component id="oc-167">
         <name>.text._Z8DAC_Initv</name>
         <load_address>0x18c00</load_address>
         <run_address>0x18c00</run_address>
         <size>0xa8</size>
         <input_file_ref idref="fl-3"/>
      </object_component>
      <object_component id="oc-20a">
         <name>.text.open</name>
         <load_address>0x18ca8</load_address>
         <run_address>0x18ca8</run_address>
         <size>0xa8</size>
         <input_file_ref idref="fl-82"/>
      </object_component>
      <object_component id="oc-d7">
         <name>.text._Z14TimerG0_IntArmtjj</name>
         <load_address>0x18d50</load_address>
         <run_address>0x18d50</run_address>
         <size>0xa4</size>
         <input_file_ref idref="fl-17"/>
      </object_component>
      <object_component id="oc-1a0">
         <name>.text._ZL11commandListPKh</name>
         <load_address>0x18df4</load_address>
         <run_address>0x18df4</run_address>
         <size>0xa2</size>
         <input_file_ref idref="fl-11"/>
      </object_component>
      <object_component id="oc-c1">
         <name>.text._Z11Switch_Initv</name>
         <load_address>0x18e96</load_address>
         <run_address>0x18e96</run_address>
         <size>0x2</size>
         <input_file_ref idref="fl-15"/>
      </object_component>
      <object_component id="oc-bb">
         <name>.text._Z17ST7735_InitPrintfv</name>
         <load_address>0x18e98</load_address>
         <run_address>0x18e98</run_address>
         <size>0x9c</size>
         <input_file_ref idref="fl-11"/>
      </object_component>
      <object_component id="oc-135">
         <name>.text._Z12ST7735_InitR10initRFlags</name>
         <load_address>0x18f34</load_address>
         <run_address>0x18f34</run_address>
         <size>0x98</size>
         <input_file_ref idref="fl-11"/>
      </object_component>
      <object_component id="oc-f4">
         <name>.text._Z9drawScoreiii</name>
         <load_address>0x18fcc</load_address>
         <run_address>0x18fcc</run_address>
         <size>0x90</size>
         <input_file_ref idref="fl-b"/>
      </object_component>
      <object_component id="oc-177">
         <name>.text._ZL13setAddrWindowhhhh</name>
         <load_address>0x1905c</load_address>
         <run_address>0x1905c</run_address>
         <size>0x88</size>
         <input_file_ref idref="fl-11"/>
      </object_component>
      <object_component id="oc-18c">
         <name>.text._Z17ST7735_DrawStringttPcs</name>
         <load_address>0x190e4</load_address>
         <run_address>0x190e4</run_address>
         <size>0x84</size>
         <input_file_ref idref="fl-11"/>
      </object_component>
      <object_component id="oc-f1">
         <name>.text._Z6failedci</name>
         <load_address>0x19168</load_address>
         <run_address>0x19168</run_address>
         <size>0x84</size>
         <input_file_ref idref="fl-b"/>
      </object_component>
      <object_component id="oc-13a">
         <name>.text.fopen</name>
         <load_address>0x191ec</load_address>
         <run_address>0x191ec</run_address>
         <size>0x84</size>
         <input_file_ref idref="fl-31"/>
      </object_component>
      <object_component id="oc-b6">
         <name>.text._Z14LaunchPad_Initv</name>
         <load_address>0x19270</load_address>
         <run_address>0x19270</run_address>
         <size>0x7c</size>
         <input_file_ref idref="fl-c"/>
      </object_component>
      <object_component id="oc-1b9">
         <name>.text.__TI_closefile</name>
         <load_address>0x192ec</load_address>
         <run_address>0x192ec</run_address>
         <size>0x7c</size>
         <input_file_ref idref="fl-3d"/>
      </object_component>
      <object_component id="oc-f2">
         <name>.text._Z8drawTimei</name>
         <load_address>0x19368</load_address>
         <run_address>0x19368</run_address>
         <size>0x78</size>
         <input_file_ref idref="fl-b"/>
      </object_component>
      <object_component id="oc-ed">
         <name>.text._Z10getTestRowi</name>
         <load_address>0x193e0</load_address>
         <run_address>0x193e0</run_address>
         <size>0x70</size>
         <input_file_ref idref="fl-b"/>
      </object_component>
      <object_component id="oc-223">
         <name>.text._Z16ST7735_DrawPixelsst</name>
         <load_address>0x19450</load_address>
         <run_address>0x19450</run_address>
         <size>0x70</size>
         <input_file_ref idref="fl-11"/>
      </object_component>
      <object_component id="oc-182">
         <name>.text._Z14firstWordInRowi</name>
         <load_address>0x194c0</load_address>
         <run_address>0x194c0</run_address>
         <size>0x6c</size>
         <input_file_ref idref="fl-b"/>
      </object_component>
      <object_component id="oc-248">
         <name>.text.getdevice</name>
         <load_address>0x1952c</load_address>
         <run_address>0x1952c</run_address>
         <size>0x6c</size>
         <input_file_ref idref="fl-98"/>
      </object_component>
      <object_component id="oc-1f9">
         <name>.text.HOSTlseek</name>
         <load_address>0x19598</load_address>
         <run_address>0x19598</run_address>
         <size>0x68</size>
         <input_file_ref idref="fl-87"/>
      </object_component>
      <object_component id="oc-201">
         <name>.text.HOSTrename</name>
         <load_address>0x19600</load_address>
         <run_address>0x19600</run_address>
         <size>0x68</size>
         <input_file_ref idref="fl-8a"/>
      </object_component>
      <object_component id="oc-1c">
         <name>.text:decompress:lzss</name>
         <load_address>0x19668</load_address>
         <run_address>0x19668</run_address>
         <size>0x68</size>
         <input_file_ref idref="fl-39"/>
      </object_component>
      <object_component id="oc-2f">
         <name>.text.SysTick_Handler</name>
         <load_address>0x196d0</load_address>
         <run_address>0x196d0</run_address>
         <size>0x64</size>
         <input_file_ref idref="fl-14"/>
      </object_component>
      <object_component id="oc-25f">
         <name>.text.split</name>
         <load_address>0x19734</load_address>
         <run_address>0x19734</run_address>
         <size>0x64</size>
         <input_file_ref idref="fl-36"/>
      </object_component>
      <object_component id="oc-34">
         <name>.text.UART2_IRQHandler</name>
         <load_address>0x19798</load_address>
         <run_address>0x19798</run_address>
         <size>0x60</size>
         <input_file_ref idref="fl-9"/>
      </object_component>
      <object_component id="oc-1e9">
         <name>.text.HOSTopen</name>
         <load_address>0x197f8</load_address>
         <run_address>0x197f8</run_address>
         <size>0x5c</size>
         <input_file_ref idref="fl-88"/>
      </object_component>
      <object_component id="oc-1f1">
         <name>.text.HOSTread</name>
         <load_address>0x19854</load_address>
         <run_address>0x19854</run_address>
         <size>0x58</size>
         <input_file_ref idref="fl-89"/>
      </object_component>
      <object_component id="oc-1f5">
         <name>.text.HOSTwrite</name>
         <load_address>0x198ac</load_address>
         <run_address>0x198ac</run_address>
         <size>0x58</size>
         <input_file_ref idref="fl-8c"/>
      </object_component>
      <object_component id="oc-df">
         <name>.text._Z11JoyStick_InPjS_</name>
         <load_address>0x19904</load_address>
         <run_address>0x19904</run_address>
         <size>0x58</size>
         <input_file_ref idref="fl-7"/>
      </object_component>
      <object_component id="oc-188">
         <name>.text</name>
         <load_address>0x1995c</load_address>
         <run_address>0x1995c</run_address>
         <size>0x56</size>
         <input_file_ref idref="fl-93"/>
      </object_component>
      <object_component id="oc-c6">
         <name>.text._Z8LED_Initv</name>
         <load_address>0x199b2</load_address>
         <run_address>0x199b2</run_address>
         <size>0x2</size>
         <input_file_ref idref="fl-a"/>
      </object_component>
      <object_component id="oc-112">
         <name>.text:__TI_auto_init_nobinit</name>
         <load_address>0x199b4</load_address>
         <run_address>0x199b4</run_address>
         <size>0x54</size>
         <input_file_ref idref="fl-40"/>
      </object_component>
      <object_component id="oc-20e">
         <name>.text.__TI_doflush</name>
         <load_address>0x19a08</load_address>
         <run_address>0x19a08</run_address>
         <size>0x50</size>
         <input_file_ref idref="fl-3e"/>
      </object_component>
      <object_component id="oc-214">
         <name>.text.close</name>
         <load_address>0x19a58</load_address>
         <run_address>0x19a58</run_address>
         <size>0x50</size>
         <input_file_ref idref="fl-83"/>
      </object_component>
      <object_component id="oc-175">
         <name>.text._Z10RxFifo_Getv</name>
         <load_address>0x19aa8</load_address>
         <run_address>0x19aa8</run_address>
         <size>0x4c</size>
         <input_file_ref idref="fl-5"/>
      </object_component>
      <object_component id="oc-78">
         <name>.text._Z10RxFifo_Putc</name>
         <load_address>0x19af4</load_address>
         <run_address>0x19af4</run_address>
         <size>0x4c</size>
         <input_file_ref idref="fl-5"/>
      </object_component>
      <object_component id="oc-eb">
         <name>.text._Z14ASCII_Fifo_Getv</name>
         <load_address>0x19b40</load_address>
         <run_address>0x19b40</run_address>
         <size>0x4c</size>
         <input_file_ref idref="fl-6"/>
      </object_component>
      <object_component id="oc-1ed">
         <name>.text.HOSTclose</name>
         <load_address>0x19b8c</load_address>
         <run_address>0x19b8c</run_address>
         <size>0x48</size>
         <input_file_ref idref="fl-86"/>
      </object_component>
      <object_component id="oc-1fd">
         <name>.text.HOSTunlink</name>
         <load_address>0x19bd4</load_address>
         <run_address>0x19bd4</run_address>
         <size>0x48</size>
         <input_file_ref idref="fl-8b"/>
      </object_component>
      <object_component id="oc-151">
         <name>.text._Z14SPI_OutCommandc</name>
         <load_address>0x19c1c</load_address>
         <run_address>0x19c1c</run_address>
         <size>0x48</size>
         <input_file_ref idref="fl-10"/>
      </object_component>
      <object_component id="oc-3e">
         <name>.text.TIMG7_IRQHandler</name>
         <load_address>0x19c64</load_address>
         <run_address>0x19c64</run_address>
         <size>0x40</size>
         <input_file_ref idref="fl-16"/>
      </object_component>
      <object_component id="oc-ec">
         <name>.text._Z11indexOfChari</name>
         <load_address>0x19ca4</load_address>
         <run_address>0x19ca4</run_address>
         <size>0x40</size>
         <input_file_ref idref="fl-b"/>
      </object_component>
      <object_component id="oc-176">
         <name>.text._Z14ASCII_Fifo_Putc</name>
         <load_address>0x19ce4</load_address>
         <run_address>0x19ce4</run_address>
         <size>0x40</size>
         <input_file_ref idref="fl-6"/>
      </object_component>
      <object_component id="oc-17d">
         <name>.text._Z8randWord10Language_t</name>
         <load_address>0x19d24</load_address>
         <run_address>0x19d24</run_address>
         <size>0x40</size>
         <input_file_ref idref="fl-b"/>
      </object_component>
      <object_component id="oc-229">
         <name>.text._Z9SPI_Resetv</name>
         <load_address>0x19d64</load_address>
         <run_address>0x19d64</run_address>
         <size>0x40</size>
         <input_file_ref idref="fl-10"/>
      </object_component>
      <object_component id="oc-184">
         <name>.text</name>
         <load_address>0x19da4</load_address>
         <run_address>0x19da4</run_address>
         <size>0x40</size>
         <input_file_ref idref="fl-96"/>
      </object_component>
      <object_component id="oc-156">
         <name>.text._Z11SPI_OutDatac</name>
         <load_address>0x19de4</load_address>
         <run_address>0x19de4</run_address>
         <size>0x38</size>
         <input_file_ref idref="fl-10"/>
      </object_component>
      <object_component id="oc-d2">
         <name>.text._Z13JoyStick_Initv</name>
         <load_address>0x19e1c</load_address>
         <run_address>0x19e1c</run_address>
         <size>0x38</size>
         <input_file_ref idref="fl-7"/>
      </object_component>
      <object_component id="oc-132">
         <name>.text._Z15ActivatePortA_Bv</name>
         <load_address>0x19e54</load_address>
         <run_address>0x19e54</run_address>
         <size>0x38</size>
         <input_file_ref idref="fl-c"/>
      </object_component>
      <object_component id="oc-ea">
         <name>.text._Z8initTest10Language_t</name>
         <load_address>0x19e8c</load_address>
         <run_address>0x19e8c</run_address>
         <size>0x38</size>
         <input_file_ref idref="fl-b"/>
      </object_component>
      <object_component id="oc-1a8">
         <name>.text.finddevice</name>
         <load_address>0x19ec4</load_address>
         <run_address>0x19ec4</run_address>
         <size>0x38</size>
         <input_file_ref idref="fl-98"/>
      </object_component>
      <object_component id="oc-d1">
         <name>.text._Z10Sound_Initjj</name>
         <load_address>0x19efc</load_address>
         <run_address>0x19efc</run_address>
         <size>0x34</size>
         <input_file_ref idref="fl-14"/>
      </object_component>
      <object_component id="oc-148">
         <name>.text._Z12ST7735_writeiPKcj</name>
         <load_address>0x19f30</load_address>
         <run_address>0x19f30</run_address>
         <size>0x34</size>
         <input_file_ref idref="fl-11"/>
      </object_component>
      <object_component id="oc-1e6">
         <name>.text._Z14Clock_Delay1msj</name>
         <load_address>0x19f64</load_address>
         <run_address>0x19f64</run_address>
         <size>0x34</size>
         <input_file_ref idref="fl-2"/>
      </object_component>
      <object_component id="oc-de">
         <name>.text._Z16ST7735_SetCursorjj</name>
         <load_address>0x19f98</load_address>
         <run_address>0x19f98</run_address>
         <size>0x34</size>
         <input_file_ref idref="fl-11"/>
      </object_component>
      <object_component id="oc-1c2">
         <name>.text.__TI_cleanup</name>
         <load_address>0x19fcc</load_address>
         <run_address>0x19fcc</run_address>
         <size>0x34</size>
         <input_file_ref idref="fl-31"/>
      </object_component>
      <object_component id="oc-230">
         <name>.text.__TI_readmsg</name>
         <load_address>0x1a000</load_address>
         <run_address>0x1a000</run_address>
         <size>0x34</size>
         <input_file_ref idref="fl-8d"/>
      </object_component>
      <object_component id="oc-22a">
         <name>.text.__TI_writemsg</name>
         <load_address>0x1a034</load_address>
         <run_address>0x1a034</run_address>
         <size>0x34</size>
         <input_file_ref idref="fl-8d"/>
      </object_component>
      <object_component id="oc-10a">
         <name>.text.exit</name>
         <load_address>0x1a068</load_address>
         <run_address>0x1a068</run_address>
         <size>0x34</size>
         <input_file_ref idref="fl-33"/>
      </object_component>
      <object_component id="oc-140">
         <name>.text.freopen</name>
         <load_address>0x1a09c</load_address>
         <run_address>0x1a09c</run_address>
         <size>0x34</size>
         <input_file_ref idref="fl-31"/>
      </object_component>
      <object_component id="oc-11e">
         <name>.text._Z15ST7735_Color565hhh</name>
         <load_address>0x1a0d0</load_address>
         <run_address>0x1a0d0</run_address>
         <size>0x32</size>
         <input_file_ref idref="fl-11"/>
      </object_component>
      <object_component id="oc-1d5">
         <name>.text.__aeabi_idiv0</name>
         <load_address>0x1a102</load_address>
         <run_address>0x1a102</run_address>
         <size>0x2</size>
         <input_file_ref idref="fl-97"/>
      </object_component>
      <object_component id="oc-19f">
         <name>.text._ZL10commonInitPKh</name>
         <load_address>0x1a104</load_address>
         <run_address>0x1a104</run_address>
         <size>0x30</size>
         <input_file_ref idref="fl-11"/>
      </object_component>
      <object_component id="oc-dd">
         <name>.text._Z17ST7735_FillScreent</name>
         <load_address>0x1a134</load_address>
         <run_address>0x1a134</run_address>
         <size>0x2c</size>
         <input_file_ref idref="fl-11"/>
      </object_component>
      <object_component id="oc-257">
         <name>.text.unlink</name>
         <load_address>0x1a160</load_address>
         <run_address>0x1a160</run_address>
         <size>0x2c</size>
         <input_file_ref idref="fl-85"/>
      </object_component>
      <object_component id="oc-43">
         <name>.text.TIMG12_IRQHandler</name>
         <load_address>0x1a18c</load_address>
         <run_address>0x1a18c</run_address>
         <size>0x28</size>
         <input_file_ref idref="fl-b"/>
      </object_component>
      <object_component id="oc-220">
         <name>.text.free_list_insert</name>
         <load_address>0x1a1b4</load_address>
         <run_address>0x1a1b4</run_address>
         <size>0x28</size>
         <input_file_ref idref="fl-36"/>
      </object_component>
      <object_component id="oc-24e">
         <name>.text.write</name>
         <load_address>0x1a1dc</load_address>
         <run_address>0x1a1dc</run_address>
         <size>0x28</size>
         <input_file_ref idref="fl-7f"/>
      </object_component>
      <object_component id="oc-5f">
         <name>.text:_c_int00_noargs</name>
         <load_address>0x1a204</load_address>
         <run_address>0x1a204</run_address>
         <size>0x28</size>
         <input_file_ref idref="fl-3a"/>
      </object_component>
      <object_component id="oc-e3">
         <name>.text._Z16ST7735_OutStringPc</name>
         <load_address>0x1a22c</load_address>
         <run_address>0x1a22c</run_address>
         <size>0x26</size>
         <input_file_ref idref="fl-11"/>
      </object_component>
      <object_component id="oc-1dc">
         <name>.text._nop</name>
         <load_address>0x1a252</load_address>
         <run_address>0x1a252</run_address>
         <size>0x2</size>
         <input_file_ref idref="fl-34"/>
      </object_component>
      <object_component id="oc-1cd">
         <name>.text._Z23Sound_Start_FrequencyHzj</name>
         <load_address>0x1a254</load_address>
         <run_address>0x1a254</run_address>
         <size>0x24</size>
         <input_file_ref idref="fl-14"/>
      </object_component>
      <object_component id="oc-180">
         <name>.text._Z6lengthPc</name>
         <load_address>0x1a278</load_address>
         <run_address>0x1a278</run_address>
         <size>0x24</size>
         <input_file_ref idref="fl-b"/>
      </object_component>
      <object_component id="oc-dc">
         <name>.text._Z20ST7735_InvertDisplayi</name>
         <load_address>0x1a29c</load_address>
         <run_address>0x1a29c</run_address>
         <size>0x22</size>
         <input_file_ref idref="fl-11"/>
      </object_component>
      <object_component id="oc-39">
         <name>.text.TIMG0_IRQHandler</name>
         <load_address>0x1a2c0</load_address>
         <run_address>0x1a2c0</run_address>
         <size>0x20</size>
         <input_file_ref idref="fl-b"/>
      </object_component>
      <object_component id="oc-222">
         <name>.text._Z11Sound_Startj</name>
         <load_address>0x1a2e0</load_address>
         <run_address>0x1a2e0</run_address>
         <size>0x20</size>
         <input_file_ref idref="fl-14"/>
      </object_component>
      <object_component id="oc-224">
         <name>.text._Z8Random32v</name>
         <load_address>0x1a300</load_address>
         <run_address>0x1a300</run_address>
         <size>0x20</size>
         <input_file_ref idref="fl-b"/>
      </object_component>
      <object_component id="oc-1d3">
         <name>.text._ZL9pushColort</name>
         <load_address>0x1a320</load_address>
         <run_address>0x1a320</run_address>
         <size>0x1e</size>
         <input_file_ref idref="fl-11"/>
      </object_component>
      <object_component id="oc-173">
         <name>.text._Z18Sound_Effect_Startj</name>
         <load_address>0x1a340</load_address>
         <run_address>0x1a340</run_address>
         <size>0x1c</size>
         <input_file_ref idref="fl-14"/>
      </object_component>
      <object_component id="oc-21f">
         <name>.text.free_list_remove</name>
         <load_address>0x1a35c</load_address>
         <run_address>0x1a35c</run_address>
         <size>0x1c</size>
         <input_file_ref idref="fl-36"/>
      </object_component>
      <object_component id="oc-8a">
         <name>.text</name>
         <load_address>0x1a378</load_address>
         <run_address>0x1a378</run_address>
         <size>0x1c</size>
         <input_file_ref idref="fl-95"/>
      </object_component>
      <object_component id="oc-160">
         <name>.text._Z11RxFifo_Initv</name>
         <load_address>0x1a394</load_address>
         <run_address>0x1a394</run_address>
         <size>0x18</size>
         <input_file_ref idref="fl-5"/>
      </object_component>
      <object_component id="oc-174">
         <name>.text._Z11RxFifo_Sizev</name>
         <load_address>0x1a3ac</load_address>
         <run_address>0x1a3ac</run_address>
         <size>0x18</size>
         <input_file_ref idref="fl-5"/>
      </object_component>
      <object_component id="oc-e5">
         <name>.text._Z15ASCII_Fifo_Sizev</name>
         <load_address>0x1a3c4</load_address>
         <run_address>0x1a3c4</run_address>
         <size>0x18</size>
         <input_file_ref idref="fl-6"/>
      </object_component>
      <object_component id="oc-1d0">
         <name>.text._Z6Randomj</name>
         <load_address>0x1a3dc</load_address>
         <run_address>0x1a3dc</run_address>
         <size>0x18</size>
         <input_file_ref idref="fl-b"/>
      </object_component>
      <object_component id="oc-9e">
         <name>.text.__cxx_global_var_init.40</name>
         <load_address>0x1a3f4</load_address>
         <run_address>0x1a3f4</run_address>
         <size>0x18</size>
         <input_file_ref idref="fl-b"/>
      </object_component>
      <object_component id="oc-9f">
         <name>.text.__cxx_global_var_init.41</name>
         <load_address>0x1a40c</load_address>
         <run_address>0x1a40c</run_address>
         <size>0x18</size>
         <input_file_ref idref="fl-b"/>
      </object_component>
      <object_component id="oc-9d">
         <name>.text.__cxx_global_var_init</name>
         <load_address>0x1a424</load_address>
         <run_address>0x1a424</run_address>
         <size>0x18</size>
         <input_file_ref idref="fl-b"/>
      </object_component>
      <object_component id="oc-14b">
         <name>.text._Z11ST7735_openPKcji</name>
         <load_address>0x1a43c</load_address>
         <run_address>0x1a43c</run_address>
         <size>0x16</size>
         <input_file_ref idref="fl-11"/>
      </object_component>
      <object_component id="oc-149">
         <name>.text._Z11ST7735_readiPcj</name>
         <load_address>0x1a452</load_address>
         <run_address>0x1a452</run_address>
         <size>0x16</size>
         <input_file_ref idref="fl-11"/>
      </object_component>
      <object_component id="oc-f0">
         <name>.text._Z10Sound_Typev</name>
         <load_address>0x1a468</load_address>
         <run_address>0x1a468</run_address>
         <size>0x14</size>
         <input_file_ref idref="fl-14"/>
      </object_component>
      <object_component id="oc-ef">
         <name>.text._Z12Sound_Failedv</name>
         <load_address>0x1a47c</load_address>
         <run_address>0x1a47c</run_address>
         <size>0x14</size>
         <input_file_ref idref="fl-14"/>
      </object_component>
      <object_component id="oc-e0">
         <name>.text._Z13Sound_Startupv</name>
         <load_address>0x1a490</load_address>
         <run_address>0x1a490</run_address>
         <size>0x14</size>
         <input_file_ref idref="fl-14"/>
      </object_component>
      <object_component id="oc-f3">
         <name>.text._Z13Sound_Timeoutv</name>
         <load_address>0x1a4a4</load_address>
         <run_address>0x1a4a4</run_address>
         <size>0x14</size>
         <input_file_ref idref="fl-14"/>
      </object_component>
      <object_component id="oc-6c">
         <name>.text._Z7DAC_Outj</name>
         <load_address>0x1a4b8</load_address>
         <run_address>0x1a4b8</run_address>
         <size>0x14</size>
         <input_file_ref idref="fl-3"/>
      </object_component>
      <object_component id="oc-ab">
         <name>.text:TI_memcpy_small</name>
         <load_address>0x1a4cc</load_address>
         <run_address>0x1a4cc</run_address>
         <size>0x12</size>
         <input_file_ref idref="fl-99"/>
      </object_component>
      <object_component id="oc-20">
         <name>.text:decompress:none</name>
         <load_address>0x1a4de</load_address>
         <run_address>0x1a4de</run_address>
         <size>0x12</size>
         <input_file_ref idref="fl-38"/>
      </object_component>
      <object_component id="oc-66">
         <name>.text._GLOBAL__sub_I_Lab9HMain.cpp</name>
         <load_address>0x1a4f0</load_address>
         <run_address>0x1a4f0</run_address>
         <size>0x10</size>
         <input_file_ref idref="fl-b"/>
      </object_component>
      <object_component id="oc-15f">
         <name>.text._Z11Clock_Delayj</name>
         <load_address>0x1a500</load_address>
         <run_address>0x1a500</run_address>
         <size>0x10</size>
         <input_file_ref idref="fl-2"/>
      </object_component>
      <object_component id="oc-5c">
         <name>.text:decompress:ZI</name>
         <load_address>0x1a510</load_address>
         <run_address>0x1a510</run_address>
         <size>0x10</size>
         <input_file_ref idref="fl-37"/>
      </object_component>
      <object_component id="oc-147">
         <name>.text._Z12ST7735_lseekili</name>
         <load_address>0x1a520</load_address>
         <run_address>0x1a520</run_address>
         <size>0xe</size>
         <input_file_ref idref="fl-11"/>
      </object_component>
      <object_component id="oc-120">
         <name>.text._ZN8SlidePotC2Ejj</name>
         <load_address>0x1a52e</load_address>
         <run_address>0x1a52e</run_address>
         <size>0xe</size>
         <input_file_ref idref="fl-12"/>
      </object_component>
      <object_component id="oc-244">
         <name>.text.strcpy</name>
         <load_address>0x1a53c</load_address>
         <run_address>0x1a53c</run_address>
         <size>0xe</size>
         <input_file_ref idref="fl-8a"/>
      </object_component>
      <object_component id="oc-245">
         <name>.text.strlen</name>
         <load_address>0x1a54a</load_address>
         <run_address>0x1a54a</run_address>
         <size>0xe</size>
         <input_file_ref idref="fl-8a"/>
      </object_component>
      <object_component id="oc-127">
         <name>.text:TI_memset_small</name>
         <load_address>0x1a558</load_address>
         <run_address>0x1a558</run_address>
         <size>0xe</size>
         <input_file_ref idref="fl-9a"/>
      </object_component>
      <object_component id="oc-228">
         <name>.text._Z10Clock_Freqv</name>
         <load_address>0x1a568</load_address>
         <run_address>0x1a568</run_address>
         <size>0xc</size>
         <input_file_ref idref="fl-2"/>
      </object_component>
      <object_component id="oc-71">
         <name>.text._Z10Sound_Stopv</name>
         <load_address>0x1a574</load_address>
         <run_address>0x1a574</run_address>
         <size>0xc</size>
         <input_file_ref idref="fl-14"/>
      </object_component>
      <object_component id="oc-145">
         <name>.text._Z13ST7735_renamePKcS0_</name>
         <load_address>0x1a580</load_address>
         <run_address>0x1a580</run_address>
         <size>0xc</size>
         <input_file_ref idref="fl-11"/>
      </object_component>
      <object_component id="oc-1c1">
         <name>.text.malloc</name>
         <load_address>0x1a58c</load_address>
         <run_address>0x1a58c</run_address>
         <size>0xc</size>
         <input_file_ref idref="fl-36"/>
      </object_component>
      <object_component id="oc-14c">
         <name>.text._Z12ST7735_closei</name>
         <load_address>0x1a598</load_address>
         <run_address>0x1a598</run_address>
         <size>0xa</size>
         <input_file_ref idref="fl-11"/>
      </object_component>
      <object_component id="oc-146">
         <name>.text._Z13ST7735_unlinkPKc</name>
         <load_address>0x1a5a2</load_address>
         <run_address>0x1a5a2</run_address>
         <size>0xa</size>
         <input_file_ref idref="fl-11"/>
      </object_component>
      <object_component id="oc-b5">
         <name>.text._Z8PLL_Initv</name>
         <load_address>0x1a5ac</load_address>
         <run_address>0x1a5ac</run_address>
         <size>0xa</size>
         <input_file_ref idref="fl-b"/>
      </object_component>
      <object_component id="oc-218">
         <name>.text.remove</name>
         <load_address>0x1a5b6</load_address>
         <run_address>0x1a5b6</run_address>
         <size>0x8</size>
         <input_file_ref idref="fl-81"/>
      </object_component>
      <object_component id="oc-4f">
         <name>.text</name>
         <load_address>0x1a5c0</load_address>
         <run_address>0x1a5c0</run_address>
         <size>0x8</size>
         <input_file_ref idref="fl-94"/>
      </object_component>
      <object_component id="oc-2d">
         <name>.text.Default_Handler</name>
         <load_address>0x1a5c8</load_address>
         <run_address>0x1a5c8</run_address>
         <size>0x4</size>
         <input_file_ref idref="fl-19"/>
      </object_component>
      <object_component id="oc-2e">
         <name>.text.HardFault_Handler</name>
         <load_address>0x1a5cc</load_address>
         <run_address>0x1a5cc</run_address>
         <size>0x4</size>
         <input_file_ref idref="fl-19"/>
      </object_component>
      <object_component id="oc-29">
         <name>.text.Reset_Handler</name>
         <load_address>0x1a5d0</load_address>
         <run_address>0x1a5d0</run_address>
         <size>0x4</size>
         <input_file_ref idref="fl-19"/>
      </object_component>
      <object_component id="oc-8e">
         <name>.text._system_pre_init</name>
         <load_address>0x1a5d4</load_address>
         <run_address>0x1a5d4</run_address>
         <size>0x4</size>
         <input_file_ref idref="fl-41"/>
      </object_component>
      <object_component id="oc-105">
         <name>.text:abort</name>
         <load_address>0x1a5d8</load_address>
         <run_address>0x1a5d8</run_address>
         <size>0x4</size>
         <input_file_ref idref="fl-33"/>
      </object_component>
      <object_component id="oc-2a6">
         <name>.cinit..data.load</name>
         <load_address>0x1a5e8</load_address>
         <run_address>0x1a5e8</run_address>
         <size>0x120</size>
      </object_component>
      <object_component id="oc-2a4">
         <name>__TI_handler_table</name>
         <load_address>0x1a708</load_address>
         <run_address>0x1a708</run_address>
         <size>0xc</size>
      </object_component>
      <object_component id="oc-2a7">
         <name>.cinit..bss.load</name>
         <load_address>0x1a714</load_address>
         <run_address>0x1a714</run_address>
         <size>0x8</size>
      </object_component>
      <object_component id="oc-2a5">
         <name>__TI_cinit_table</name>
         <load_address>0x1a71c</load_address>
         <run_address>0x1a71c</run_address>
         <size>0x10</size>
      </object_component>
      <object_component id="oc-a2">
         <name>.rodata._ZL7startup</name>
         <load_address>0xc0</load_address>
         <run_address>0xc0</run_address>
         <size>0xd14e</size>
         <input_file_ref idref="fl-14"/>
      </object_component>
      <object_component id="oc-a4">
         <name>.rodata._ZL4fail</name>
         <load_address>0xd20e</load_address>
         <run_address>0xd20e</run_address>
         <size>0x4cd6</size>
         <input_file_ref idref="fl-14"/>
      </object_component>
      <object_component id="oc-a5">
         <name>.rodata._ZL4time</name>
         <load_address>0x11ee4</load_address>
         <run_address>0x11ee4</run_address>
         <size>0x3568</size>
         <input_file_ref idref="fl-14"/>
      </object_component>
      <object_component id="oc-a3">
         <name>.rodata._ZL4type</name>
         <load_address>0x1544c</load_address>
         <run_address>0x1544c</run_address>
         <size>0xaa4</size>
         <input_file_ref idref="fl-14"/>
      </object_component>
      <object_component id="oc-1d4">
         <name>.rodata._ZL4Font</name>
         <load_address>0x15ef0</load_address>
         <run_address>0x15ef0</run_address>
         <size>0x4fb</size>
         <input_file_ref idref="fl-11"/>
      </object_component>
      <object_component id="oc-fa">
         <name>.rodata._ZL16MONKEY_IMAGE_ONE</name>
         <load_address>0x163ec</load_address>
         <run_address>0x163ec</run_address>
         <size>0x220</size>
         <input_file_ref idref="fl-b"/>
      </object_component>
      <object_component id="oc-f8">
         <name>.rodata._ZL16MONKEY_IMAGE_TWO</name>
         <load_address>0x1660c</load_address>
         <run_address>0x1660c</run_address>
         <size>0x220</size>
         <input_file_ref idref="fl-b"/>
      </object_component>
      <object_component id="oc-103">
         <name>.rodata.str1.1</name>
         <load_address>0x1682c</load_address>
         <run_address>0x1682c</run_address>
         <size>0x1af</size>
         <input_file_ref idref="fl-b"/>
      </object_component>
      <object_component id="oc-104">
         <name>.rodata._ZL10SPAIN_FLAG</name>
         <load_address>0x169dc</load_address>
         <run_address>0x169dc</run_address>
         <size>0xf8</size>
         <input_file_ref idref="fl-b"/>
      </object_component>
      <object_component id="oc-102">
         <name>.rodata._ZL13STOPWATCH_ONE</name>
         <load_address>0x16ad4</load_address>
         <run_address>0x16ad4</run_address>
         <size>0xc6</size>
         <input_file_ref idref="fl-b"/>
      </object_component>
      <object_component id="oc-101">
         <name>.rodata._ZL13STOPWATCH_TWO</name>
         <load_address>0x16b9a</load_address>
         <run_address>0x16b9a</run_address>
         <size>0xc6</size>
         <input_file_ref idref="fl-b"/>
      </object_component>
      <object_component id="oc-fe">
         <name>.rodata._ZL14STOPWATCH_FIVE</name>
         <load_address>0x16c60</load_address>
         <run_address>0x16c60</run_address>
         <size>0xc6</size>
         <input_file_ref idref="fl-b"/>
      </object_component>
      <object_component id="oc-ff">
         <name>.rodata._ZL14STOPWATCH_FOUR</name>
         <load_address>0x16d26</load_address>
         <run_address>0x16d26</run_address>
         <size>0xc6</size>
         <input_file_ref idref="fl-b"/>
      </object_component>
      <object_component id="oc-100">
         <name>.rodata._ZL15STOPWATCH_THREE</name>
         <load_address>0x16dec</load_address>
         <run_address>0x16dec</run_address>
         <size>0xc6</size>
         <input_file_ref idref="fl-b"/>
      </object_component>
      <object_component id="oc-1a1">
         <name>.rodata._ZL5Rcmd1</name>
         <load_address>0x16eb2</load_address>
         <run_address>0x16eb2</run_address>
         <size>0x3b</size>
         <input_file_ref idref="fl-11"/>
      </object_component>
      <object_component id="oc-14a">
         <name>.rodata.str1.1</name>
         <load_address>0x16eed</load_address>
         <run_address>0x16eed</run_address>
         <size>0x36</size>
         <input_file_ref idref="fl-11"/>
      </object_component>
      <object_component id="oc-1a6">
         <name>.rodata._ZL5Rcmd3</name>
         <load_address>0x16f23</load_address>
         <run_address>0x16f23</run_address>
         <size>0x2b</size>
         <input_file_ref idref="fl-11"/>
      </object_component>
      <object_component id="oc-1a3">
         <name>.rodata._ZL10Rcmd2green</name>
         <load_address>0x16f4e</load_address>
         <run_address>0x16f4e</run_address>
         <size>0xd</size>
         <input_file_ref idref="fl-11"/>
      </object_component>
      <object_component id="oc-1a2">
         <name>.rodata._ZL8Rcmd2red</name>
         <load_address>0x16f5b</load_address>
         <run_address>0x16f5b</run_address>
         <size>0xd</size>
         <input_file_ref idref="fl-11"/>
      </object_component>
      <object_component id="oc-26">
         <name>.init_array</name>
         <load_address>0x1a5e0</load_address>
         <run_address>0x1a5e0</run_address>
         <size>0x4</size>
         <input_file_ref idref="fl-b"/>
      </object_component>
      <object_component id="oc-2a8">
         <name>SHT$$INIT_ARRAY$$Limit</name>
         <load_address>0x1a5e4</load_address>
         <run_address>0x1a5e4</run_address>
         <size>0x0</size>
      </object_component>
      <object_component id="oc-271">
         <name>.binit</name>
         <load_address>0x0</load_address>
         <run_address>0x0</run_address>
         <size>0x0</size>
      </object_component>
      <object_component id="oc-19c">
         <name>.data.BusFreq</name>
         <load_address>0x2020217c</load_address>
         <run_address>0x2020217c</run_address>
         <size>0x4</size>
         <input_file_ref idref="fl-2"/>
      </object_component>
      <object_component id="oc-163">
         <name>.data.shiftFlag</name>
         <load_address>0x202021b3</load_address>
         <run_address>0x202021b3</run_address>
         <size>0x1</size>
         <input_file_ref idref="fl-8"/>
      </object_component>
      <object_component id="oc-164">
         <name>.data.ignore</name>
         <load_address>0x202021b2</load_address>
         <run_address>0x202021b2</run_address>
         <size>0x1</size>
         <input_file_ref idref="fl-8"/>
      </object_component>
      <object_component id="oc-1d2">
         <name>.data.englishWords</name>
         <load_address>0x20202090</load_address>
         <run_address>0x20202090</run_address>
         <size>0x50</size>
         <input_file_ref idref="fl-b"/>
      </object_component>
      <object_component id="oc-1d1">
         <name>.data.spanishWords</name>
         <load_address>0x202020e0</load_address>
         <run_address>0x202020e0</run_address>
         <size>0x50</size>
         <input_file_ref idref="fl-b"/>
      </object_component>
      <object_component id="oc-181">
         <name>.data.rowWidth</name>
         <load_address>0x20202198</load_address>
         <run_address>0x20202198</run_address>
         <size>0x4</size>
         <input_file_ref idref="fl-b"/>
      </object_component>
      <object_component id="oc-f9">
         <name>.data.testgoop</name>
         <load_address>0x202021a4</load_address>
         <run_address>0x202021a4</run_address>
         <size>0x4</size>
         <input_file_ref idref="fl-b"/>
      </object_component>
      <object_component id="oc-fd">
         <name>.data.seconds</name>
         <load_address>0x2020219c</load_address>
         <run_address>0x2020219c</run_address>
         <size>0x4</size>
         <input_file_ref idref="fl-b"/>
      </object_component>
      <object_component id="oc-f5">
         <name>.data._ZL16BACKGROUND_COLOR</name>
         <load_address>0x202021aa</load_address>
         <run_address>0x202021aa</run_address>
         <size>0x2</size>
         <input_file_ref idref="fl-b"/>
      </object_component>
      <object_component id="oc-11f">
         <name>.data._ZL23TEST_TEXT_COLOR_UNTYPED</name>
         <load_address>0x202021ac</load_address>
         <run_address>0x202021ac</run_address>
         <size>0x2</size>
         <input_file_ref idref="fl-b"/>
      </object_component>
      <object_component id="oc-261">
         <name>.data.M</name>
         <load_address>0x20202180</load_address>
         <run_address>0x20202180</run_address>
         <size>0x4</size>
         <input_file_ref idref="fl-b"/>
      </object_component>
      <object_component id="oc-125">
         <name>.data.Sensor</name>
         <load_address>0x20202130</load_address>
         <run_address>0x20202130</run_address>
         <size>0x14</size>
         <input_file_ref idref="fl-b"/>
      </object_component>
      <object_component id="oc-171">
         <name>.data.StX</name>
         <load_address>0x20202184</load_address>
         <run_address>0x20202184</run_address>
         <size>0x4</size>
         <input_file_ref idref="fl-11"/>
      </object_component>
      <object_component id="oc-172">
         <name>.data.StY</name>
         <load_address>0x20202188</load_address>
         <run_address>0x20202188</run_address>
         <size>0x4</size>
         <input_file_ref idref="fl-11"/>
      </object_component>
      <object_component id="oc-1a7">
         <name>.data.StTextColor</name>
         <load_address>0x202021a8</load_address>
         <run_address>0x202021a8</run_address>
         <size>0x2</size>
         <input_file_ref idref="fl-11"/>
      </object_component>
      <object_component id="oc-159">
         <name>.data._ZL6_width</name>
         <load_address>0x202021ae</load_address>
         <run_address>0x202021ae</run_address>
         <size>0x2</size>
         <input_file_ref idref="fl-11"/>
      </object_component>
      <object_component id="oc-15a">
         <name>.data._ZL7_height</name>
         <load_address>0x202021b0</load_address>
         <run_address>0x202021b0</run_address>
         <size>0x2</size>
         <input_file_ref idref="fl-11"/>
      </object_component>
      <object_component id="oc-73">
         <name>.data.sounds</name>
         <load_address>0x20202164</load_address>
         <run_address>0x20202164</run_address>
         <size>0x10</size>
         <input_file_ref idref="fl-14"/>
      </object_component>
      <object_component id="oc-75">
         <name>.data.soundSizes</name>
         <load_address>0x20202154</load_address>
         <run_address>0x20202154</run_address>
         <size>0x10</size>
         <input_file_ref idref="fl-14"/>
      </object_component>
      <object_component id="oc-72">
         <name>.data.sound</name>
         <load_address>0x202021a0</load_address>
         <run_address>0x202021a0</run_address>
         <size>0x4</size>
         <input_file_ref idref="fl-14"/>
      </object_component>
      <object_component id="oc-1ce">
         <name>.data.sfxFrequency</name>
         <load_address>0x20202144</load_address>
         <run_address>0x20202144</run_address>
         <size>0x10</size>
         <input_file_ref idref="fl-14"/>
      </object_component>
      <object_component id="oc-1b5">
         <name>.data._search_fp.init</name>
         <load_address>0x202021b4</load_address>
         <run_address>0x202021b4</run_address>
         <size>0x1</size>
         <input_file_ref idref="fl-31"/>
      </object_component>
      <object_component id="oc-191">
         <name>.data..L_MergedGlobals</name>
         <load_address>0x20202174</load_address>
         <run_address>0x20202174</run_address>
         <size>0x8</size>
         <input_file_ref idref="fl-33"/>
      </object_component>
      <object_component id="oc-18f">
         <name>.data._lock</name>
         <load_address>0x20202190</load_address>
         <run_address>0x20202190</run_address>
         <size>0x4</size>
         <input_file_ref idref="fl-34"/>
      </object_component>
      <object_component id="oc-192">
         <name>.data._unlock</name>
         <load_address>0x20202194</load_address>
         <run_address>0x20202194</run_address>
         <size>0x4</size>
         <input_file_ref idref="fl-34"/>
      </object_component>
      <object_component id="oc-14d">
         <name>.data._ftable</name>
         <load_address>0x20201ed8</load_address>
         <run_address>0x20201ed8</run_address>
         <size>0xf0</size>
         <input_file_ref idref="fl-35"/>
      </object_component>
      <object_component id="oc-1b6">
         <name>.data.__TI_ft_end</name>
         <load_address>0x2020218c</load_address>
         <run_address>0x2020218c</run_address>
         <size>0x4</size>
         <input_file_ref idref="fl-35"/>
      </object_component>
      <object_component id="oc-260">
         <name>.data.memory_is_initialized</name>
         <load_address>0x202021bc</load_address>
         <run_address>0x202021bc</run_address>
         <size>0x1</size>
         <input_file_ref idref="fl-36"/>
      </object_component>
      <object_component id="oc-1af">
         <name>.data._device</name>
         <load_address>0x20201fc8</load_address>
         <run_address>0x20201fc8</run_address>
         <size>0x78</size>
         <input_file_ref idref="fl-80"/>
      </object_component>
      <object_component id="oc-24a">
         <name>.data._stream</name>
         <load_address>0x20202040</load_address>
         <run_address>0x20202040</run_address>
         <size>0x50</size>
         <input_file_ref idref="fl-80"/>
      </object_component>
      <object_component id="oc-249">
         <name>.data.open.stream_init</name>
         <load_address>0x202021c0</load_address>
         <run_address>0x202021c0</run_address>
         <size>0x1</size>
         <input_file_ref idref="fl-82"/>
      </object_component>
      <object_component id="oc-1ae">
         <name>.data.add_device.device_init</name>
         <load_address>0x202021b8</load_address>
         <run_address>0x202021b8</run_address>
         <size>0x1</size>
         <input_file_ref idref="fl-84"/>
      </object_component>
      <object_component id="oc-a6">
         <name>.bss.RxPutI</name>
         <uninitialized>true</uninitialized>
         <run_address>0x20201eb4</run_address>
         <size>0x4</size>
         <input_file_ref idref="fl-5"/>
      </object_component>
      <object_component id="oc-a7">
         <name>.bss.RxGetI</name>
         <uninitialized>true</uninitialized>
         <run_address>0x20201eb0</run_address>
         <size>0x4</size>
         <input_file_ref idref="fl-5"/>
      </object_component>
      <object_component id="oc-a8">
         <name>.bss._ZL6RxFifo</name>
         <uninitialized>true</uninitialized>
         <run_address>0x20201e8e</run_address>
         <size>0x10</size>
         <input_file_ref idref="fl-5"/>
      </object_component>
      <object_component id="oc-179">
         <name>.bss.PutI</name>
         <uninitialized>true</uninitialized>
         <run_address>0x20201eac</run_address>
         <size>0x4</size>
         <input_file_ref idref="fl-6"/>
      </object_component>
      <object_component id="oc-17a">
         <name>.bss.GetI</name>
         <uninitialized>true</uninitialized>
         <run_address>0x20201ea8</run_address>
         <size>0x4</size>
         <input_file_ref idref="fl-6"/>
      </object_component>
      <object_component id="oc-17f">
         <name>.bss._ZL10ASCII_Fifo</name>
         <uninitialized>true</uninitialized>
         <run_address>0x20201e4e</run_address>
         <size>0x40</size>
         <input_file_ref idref="fl-6"/>
      </object_component>
      <object_component id="oc-161">
         <name>.bss.ScanCodetoASCII</name>
         <uninitialized>true</uninitialized>
         <run_address>0x20201bb0</run_address>
         <size>0xff</size>
         <input_file_ref idref="fl-8"/>
      </object_component>
      <object_component id="oc-162">
         <name>.bss.ShiftScanCodetoASCII</name>
         <uninitialized>true</uninitialized>
         <run_address>0x20201caf</run_address>
         <size>0xff</size>
         <input_file_ref idref="fl-8"/>
      </object_component>
      <object_component id="oc-7f">
         <name>.bss.timer</name>
         <uninitialized>true</uninitialized>
         <run_address>0x20201ed0</run_address>
         <size>0x4</size>
         <input_file_ref idref="fl-b"/>
      </object_component>
      <object_component id="oc-17e">
         <name>.bss.testWords</name>
         <uninitialized>true</uninitialized>
         <run_address>0x20201770</run_address>
         <size>0x320</size>
         <input_file_ref idref="fl-b"/>
      </object_component>
      <object_component id="oc-fc">
         <name>.bss.isError</name>
         <uninitialized>true</uninitialized>
         <run_address>0x20200000</run_address>
         <size>0xbb8</size>
         <input_file_ref idref="fl-b"/>
      </object_component>
      <object_component id="oc-fb">
         <name>.bss.isTyped</name>
         <uninitialized>true</uninitialized>
         <run_address>0x20200bb8</run_address>
         <size>0xbb8</size>
         <input_file_ref idref="fl-b"/>
      </object_component>
      <object_component id="oc-f6">
         <name>.bss.XData</name>
         <uninitialized>true</uninitialized>
         <run_address>0x20201ec0</run_address>
         <size>0x4</size>
         <input_file_ref idref="fl-b"/>
      </object_component>
      <object_component id="oc-f7">
         <name>.bss.YData</name>
         <uninitialized>true</uninitialized>
         <run_address>0x20201ec4</run_address>
         <size>0x4</size>
         <input_file_ref idref="fl-b"/>
      </object_component>
      <object_component id="oc-1a4">
         <name>.bss._ZL8ColStart</name>
         <uninitialized>true</uninitialized>
         <run_address>0x20201ea6</run_address>
         <size>0x1</size>
         <input_file_ref idref="fl-11"/>
      </object_component>
      <object_component id="oc-1a5">
         <name>.bss._ZL8RowStart</name>
         <uninitialized>true</uninitialized>
         <run_address>0x20201ed4</run_address>
         <size>0x1</size>
         <input_file_ref idref="fl-11"/>
      </object_component>
      <object_component id="oc-158">
         <name>.bss._ZL8TabColor</name>
         <uninitialized>true</uninitialized>
         <run_address>0x20201ed5</run_address>
         <size>0x1</size>
         <input_file_ref idref="fl-11"/>
      </object_component>
      <object_component id="oc-157">
         <name>.bss._ZL8Rotation</name>
         <uninitialized>true</uninitialized>
         <run_address>0x20201ea7</run_address>
         <size>0x1</size>
         <input_file_ref idref="fl-11"/>
      </object_component>
      <object_component id="oc-74">
         <name>.bss.sfxIndex</name>
         <uninitialized>true</uninitialized>
         <run_address>0x20201ec8</run_address>
         <size>0x4</size>
         <input_file_ref idref="fl-14"/>
      </object_component>
      <object_component id="oc-83">
         <name>.bss.TExaSLogic</name>
         <uninitialized>true</uninitialized>
         <run_address>0x20201eb8</run_address>
         <size>0x4</size>
         <input_file_ref idref="fl-16"/>
      </object_component>
      <object_component id="oc-82">
         <name>.bss.TExaSadc</name>
         <uninitialized>true</uninitialized>
         <run_address>0x20201ebc</run_address>
         <size>0x4</size>
         <input_file_ref idref="fl-16"/>
      </object_component>
      <object_component id="oc-25e">
         <name>.bss.sys_free</name>
         <uninitialized>true</uninitialized>
         <run_address>0x20201ecc</run_address>
         <size>0x4</size>
         <input_file_ref idref="fl-36"/>
      </object_component>
      <object_component id="oc-262">
         <name>.bss:_CIOBUF_</name>
         <uninitialized>true</uninitialized>
         <run_address>0x20201a90</run_address>
         <size>0x120</size>
         <input_file_ref idref="fl-8d"/>
      </object_component>
      <object_component id="oc-21c">
         <name>.common:__TI_tmpnams</name>
         <uninitialized>true</uninitialized>
         <run_address>0x20201dae</run_address>
         <size>0xa0</size>
      </object_component>
      <object_component id="oc-231">
         <name>.common:parmbuf</name>
         <uninitialized>true</uninitialized>
         <run_address>0x20201e9e</run_address>
         <size>0x8</size>
      </object_component>
      <object_component id="oc-27">
         <name>.sysmem</name>
         <uninitialized>true</uninitialized>
         <run_address>0x202021c8</run_address>
         <size>0x10</size>
         <input_file_ref idref="fl-36"/>
      </object_component>
      <object_component id="oc-2ab">
         <name>.sysmem</name>
         <uninitialized>true</uninitialized>
         <run_address>0x202021c8</run_address>
         <size>0x0</size>
      </object_component>
      <object_component id="oc-1a">
         <name>.stack</name>
         <uninitialized>true</uninitialized>
         <run_address>0x20207e00</run_address>
         <size>0x4</size>
         <input_file_ref idref="fl-3a"/>
      </object_component>
      <object_component id="oc-2aa">
         <name>.stack</name>
         <uninitialized>true</uninitialized>
         <run_address>0x20207e00</run_address>
         <size>0x0</size>
      </object_component>
      <object_component id="oc-1cb">
         <name>.debug_abbrev</name>
         <load_address>0x0</load_address>
         <run_address>0x0</run_address>
         <size>0x149</size>
         <input_file_ref idref="fl-1"/>
      </object_component>
      <object_component id="oc-19d">
         <name>.debug_abbrev</name>
         <load_address>0x149</load_address>
         <run_address>0x149</run_address>
         <size>0x195</size>
         <input_file_ref idref="fl-2"/>
      </object_component>
      <object_component id="oc-a0">
         <name>.debug_abbrev</name>
         <load_address>0x2de</load_address>
         <run_address>0x2de</run_address>
         <size>0xd0</size>
         <input_file_ref idref="fl-3"/>
      </object_component>
      <object_component id="oc-a9">
         <name>.debug_abbrev</name>
         <load_address>0x3ae</load_address>
         <run_address>0x3ae</run_address>
         <size>0xda</size>
         <input_file_ref idref="fl-5"/>
      </object_component>
      <object_component id="oc-17b">
         <name>.debug_abbrev</name>
         <load_address>0x488</load_address>
         <run_address>0x488</run_address>
         <size>0xf2</size>
         <input_file_ref idref="fl-6"/>
      </object_component>
      <object_component id="oc-16d">
         <name>.debug_abbrev</name>
         <load_address>0x57a</load_address>
         <run_address>0x57a</run_address>
         <size>0xf9</size>
         <input_file_ref idref="fl-7"/>
      </object_component>
      <object_component id="oc-165">
         <name>.debug_abbrev</name>
         <load_address>0x673</load_address>
         <run_address>0x673</run_address>
         <size>0x96</size>
         <input_file_ref idref="fl-8"/>
      </object_component>
      <object_component id="oc-7d">
         <name>.debug_abbrev</name>
         <load_address>0x709</load_address>
         <run_address>0x709</run_address>
         <size>0x129</size>
         <input_file_ref idref="fl-9"/>
      </object_component>
      <object_component id="oc-15d">
         <name>.debug_abbrev</name>
         <load_address>0x832</load_address>
         <run_address>0x832</run_address>
         <size>0x6b</size>
         <input_file_ref idref="fl-a"/>
      </object_component>
      <object_component id="oc-80">
         <name>.debug_abbrev</name>
         <load_address>0x89d</load_address>
         <run_address>0x89d</run_address>
         <size>0x214</size>
         <input_file_ref idref="fl-b"/>
      </object_component>
      <object_component id="oc-133">
         <name>.debug_abbrev</name>
         <load_address>0xab1</load_address>
         <run_address>0xab1</run_address>
         <size>0x111</size>
         <input_file_ref idref="fl-c"/>
      </object_component>
      <object_component id="oc-1c9">
         <name>.debug_abbrev</name>
         <load_address>0xbc2</load_address>
         <run_address>0xbc2</run_address>
         <size>0xdf</size>
[...]
      <symbol id="sm-1db">
         <name>_Z12ST7735_closei</name>
         <value>0x1a599</value>
         <object_component_ref idref="oc-14c"/>
      </symbol>
      <symbol id="sm-1dc">
         <name>_Z11ST7735_readiPcj</name>
         <value>0x1a453</value>
         <object_component_ref idref="oc-149"/>
      </symbol>
      <symbol id="sm-1dd">
         <name>_Z12ST7735_writeiPKcj</name>
         <value>0x19f31</value>
         <object_component_ref idref="oc-148"/>
      </symbol>
      <symbol id="sm-1de">
         <name>_Z12ST7735_lseekili</name>
         <value>0x1a521</value>
         <object_component_ref idref="oc-147"/>
      </symbol>
      <symbol id="sm-1df">
         <name>_Z13ST7735_unlinkPKc</name>
         <value>0x1a5a3</value>
         <object_component_ref idref="oc-146"/>
      </symbol>
      <symbol id="sm-1e0">
         <name>_Z13ST7735_renamePKcS0_</name>
         <value>0x1a581</value>
         <object_component_ref idref="oc-145"/>
      </symbol>
      <symbol id="sm-1e1">
         <name>_Z17ST7735_InitPrintfv</name>
         <value>0x18e99</value>
         <object_component_ref idref="oc-bb"/>
      </symbol>
      <symbol id="sm-1ea">
         <name>_ZN8SlidePotC2Ejj</name>
         <value>0x1a52f</value>
         <object_component_ref idref="oc-120"/>
      </symbol>
      <symbol id="sm-1eb">
         <name>_ZN8SlidePotC1Ejj</name>
         <value>0x1a52f</value>
         <object_component_ref idref="oc-120"/>
      </symbol>
      <symbol id="sm-219">
         <name>_Z10Sound_Initjj</name>
         <value>0x19efd</value>
         <object_component_ref idref="oc-d1"/>
      </symbol>
      <symbol id="sm-21a">
         <name>_Z11Sound_Startj</name>
         <value>0x1a2e1</value>
         <object_component_ref idref="oc-222"/>
      </symbol>
      <symbol id="sm-21b">
         <name>_Z23Sound_Start_FrequencyHzj</name>
         <value>0x1a255</value>
         <object_component_ref idref="oc-1cd"/>
      </symbol>
      <symbol id="sm-21c">
         <name>sfxIndex</name>
         <value>0x20201ec8</value>
         <object_component_ref idref="oc-74"/>
      </symbol>
      <symbol id="sm-21d">
         <name>_Z18Sound_Effect_Startj</name>
         <value>0x1a341</value>
         <object_component_ref idref="oc-173"/>
      </symbol>
      <symbol id="sm-21e">
         <name>sfxFrequency</name>
         <value>0x20202144</value>
         <object_component_ref idref="oc-1ce"/>
      </symbol>
      <symbol id="sm-21f">
         <name>_Z10Sound_Typev</name>
         <value>0x1a469</value>
         <object_component_ref idref="oc-f0"/>
      </symbol>
      <symbol id="sm-220">
         <name>sound</name>
         <value>0x202021a0</value>
         <object_component_ref idref="oc-72"/>
      </symbol>
      <symbol id="sm-221">
         <name>_Z12Sound_Failedv</name>
         <value>0x1a47d</value>
         <object_component_ref idref="oc-ef"/>
      </symbol>
      <symbol id="sm-222">
         <name>_Z13Sound_Timeoutv</name>
         <value>0x1a4a5</value>
         <object_component_ref idref="oc-f3"/>
      </symbol>
      <symbol id="sm-223">
         <name>_Z13Sound_Startupv</name>
         <value>0x1a491</value>
         <object_component_ref idref="oc-e0"/>
      </symbol>
      <symbol id="sm-224">
         <name>_Z10Sound_Stopv</name>
         <value>0x1a575</value>
         <object_component_ref idref="oc-71"/>
      </symbol>
      <symbol id="sm-225">
         <name>SysTick_Handler</name>
         <value>0x196d1</value>
         <object_component_ref idref="oc-2f"/>
      </symbol>
      <symbol id="sm-226">
         <name>sounds</name>
         <value>0x20202164</value>
         <object_component_ref idref="oc-73"/>
      </symbol>
      <symbol id="sm-227">
         <name>soundSizes</name>
         <value>0x20202154</value>
         <object_component_ref idref="oc-75"/>
      </symbol>
      <symbol id="sm-230">
         <name>_Z11Switch_Initv</name>
         <value>0x18e97</value>
         <object_component_ref idref="oc-c1"/>
      </symbol>
      <symbol id="sm-23a">
         <name>TIMG7_IRQHandler</name>
         <value>0x19c65</value>
         <object_component_ref idref="oc-3e"/>
      </symbol>
      <symbol id="sm-23b">
         <name>TExaSadc</name>
         <value>0x20201ebc</value>
         <object_component_ref idref="oc-82"/>
      </symbol>
      <symbol id="sm-23c">
         <name>TExaSLogic</name>
         <value>0x20201eb8</value>
         <object_component_ref idref="oc-83"/>
      </symbol>
      <symbol id="sm-246">
         <name>_Z14TimerG0_IntArmtjj</name>
         <value>0x18d51</value>
         <object_component_ref idref="oc-d7"/>
      </symbol>
      <symbol id="sm-254">
         <name>Default_Handler</name>
         <value>0x1a5c9</value>
         <object_component_ref idref="oc-2d"/>
      </symbol>
      <symbol id="sm-255">
         <name>Reset_Handler</name>
         <value>0x1a5d1</value>
         <object_component_ref idref="oc-29"/>
      </symbol>
      <symbol id="sm-256">
         <name>HardFault_Handler</name>
         <value>0x1a5cd</value>
         <object_component_ref idref="oc-2e"/>
      </symbol>
      <symbol id="sm-257">
         <name>interruptVectors</name>
         <value>0x0</value>
         <object_component_ref idref="oc-18"/>
      </symbol>
      <symbol id="sm-258">
         <name>NMI_Handler</name>
         <value>0x1a5c9</value>
         <object_component_ref idref="oc-2d"/>
      </symbol>
      <symbol id="sm-259">
         <name>SVC_Handler</name>
         <value>0x1a5c9</value>
         <object_component_ref idref="oc-2d"/>
      </symbol>
      <symbol id="sm-25a">
         <name>PendSV_Handler</name>
         <value>0x1a5c9</value>
         <object_component_ref idref="oc-2d"/>
      </symbol>
      <symbol id="sm-25b">
         <name>GROUP0_IRQHandler</name>
         <value>0x1a5c9</value>
         <object_component_ref idref="oc-2d"/>
      </symbol>
      <symbol id="sm-25c">
         <name>GROUP1_IRQHandler</name>
         <value>0x1a5c9</value>
         <object_component_ref idref="oc-2d"/>
      </symbol>
      <symbol id="sm-25d">
         <name>TIMG8_IRQHandler</name>
         <value>0x1a5c9</value>
         <object_component_ref idref="oc-2d"/>
      </symbol>
      <symbol id="sm-25e">
         <name>UART3_IRQHandler</name>
         <value>0x1a5c9</value>
         <object_component_ref idref="oc-2d"/>
      </symbol>
      <symbol id="sm-25f">
         <name>ADC0_IRQHandler</name>
         <value>0x1a5c9</value>
         <object_component_ref idref="oc-2d"/>
      </symbol>
      <symbol id="sm-260">
         <name>ADC1_IRQHandler</name>
         <value>0x1a5c9</value>
         <object_component_ref idref="oc-2d"/>
      </symbol>
      <symbol id="sm-261">
         <name>CANFD0_IRQHandler</name>
         <value>0x1a5c9</value>
         <object_component_ref idref="oc-2d"/>
      </symbol>
      <symbol id="sm-262">
         <name>DAC0_IRQHandler</name>
         <value>0x1a5c9</value>
         <object_component_ref idref="oc-2d"/>
      </symbol>
      <symbol id="sm-263">
         <name>SPI0_IRQHandler</name>
         <value>0x1a5c9</value>
         <object_component_ref idref="oc-2d"/>
      </symbol>
      <symbol id="sm-264">
         <name>SPI1_IRQHandler</name>
         <value>0x1a5c9</value>
         <object_component_ref idref="oc-2d"/>
      </symbol>
      <symbol id="sm-265">
         <name>UART1_IRQHandler</name>
         <value>0x1a5c9</value>
         <object_component_ref idref="oc-2d"/>
      </symbol>
      <symbol id="sm-266">
         <name>UART0_IRQHandler</name>
         <value>0x1a5c9</value>
         <object_component_ref idref="oc-2d"/>
      </symbol>
      <symbol id="sm-267">
         <name>TIMG6_IRQHandler</name>
         <value>0x1a5c9</value>
         <object_component_ref idref="oc-2d"/>
      </symbol>
      <symbol id="sm-268">
         <name>TIMA0_IRQHandler</name>
         <value>0x1a5c9</value>
         <object_component_ref idref="oc-2d"/>
      </symbol>
      <symbol id="sm-269">
         <name>TIMA1_IRQHandler</name>
         <value>0x1a5c9</value>
         <object_component_ref idref="oc-2d"/>
      </symbol>
      <symbol id="sm-26a">
         <name>I2C0_IRQHandler</name>
         <value>0x1a5c9</value>
         <object_component_ref idref="oc-2d"/>
      </symbol>
      <symbol id="sm-26b">
         <name>I2C1_IRQHandler</name>
         <value>0x1a5c9</value>
         <object_component_ref idref="oc-2d"/>
      </symbol>
      <symbol id="sm-26c">
         <name>AES_IRQHandler</name>
         <value>0x1a5c9</value>
         <object_component_ref idref="oc-2d"/>
      </symbol>
      <symbol id="sm-26d">
         <name>RTC_IRQHandler</name>
         <value>0x1a5c9</value>
         <object_component_ref idref="oc-2d"/>
      </symbol>
      <symbol id="sm-26e">
         <name>DMA_IRQHandler</name>
         <value>0x1a5c9</value>
         <object_component_ref idref="oc-2d"/>
      </symbol>
      <symbol id="sm-285">
         <name>fopen</name>
         <value>0x191ed</value>
         <object_component_ref idref="oc-13a"/>
      </symbol>
      <symbol id="sm-286">
         <name>__TI_cleanup</name>
         <value>0x19fcd</value>
         <object_component_ref idref="oc-1c2"/>
      </symbol>
      <symbol id="sm-287">
         <name>freopen</name>
         <value>0x1a09d</value>
         <object_component_ref idref="oc-140"/>
      </symbol>
      <symbol id="sm-291">
         <name>setvbuf</name>
         <value>0x18a61</value>
         <object_component_ref idref="oc-141"/>
      </symbol>
      <symbol id="sm-29f">
         <name>abort</name>
         <value>0x1a5d9</value>
         <object_component_ref idref="oc-105"/>
      </symbol>
      <symbol id="sm-2a0">
         <name>C$$EXIT</name>
         <value>0x1a5d8</value>
         <object_component_ref idref="oc-105"/>
      </symbol>
      <symbol id="sm-2a1">
         <name>__TI_cleanup_ptr</name>
         <value>0x20202174</value>
         <object_component_ref idref="oc-191"/>
      </symbol>
      <symbol id="sm-2a2">
         <name>__TI_dtors_ptr</name>
         <value>0x20202178</value>
         <object_component_ref idref="oc-191"/>
      </symbol>
      <symbol id="sm-2a3">
         <name>exit</name>
         <value>0x1a069</value>
         <object_component_ref idref="oc-10a"/>
      </symbol>
      <symbol id="sm-2ac">
         <name>_nop</name>
         <value>0x1a253</value>
         <object_component_ref idref="oc-1dc"/>
      </symbol>
      <symbol id="sm-2ad">
         <name>_lock</name>
         <value>0x20202190</value>
         <object_component_ref idref="oc-18f"/>
      </symbol>
      <symbol id="sm-2ae">
         <name>_unlock</name>
         <value>0x20202194</value>
         <object_component_ref idref="oc-192"/>
      </symbol>
      <symbol id="sm-2b3">
         <name>_ftable</name>
         <value>0x20201ed8</value>
         <object_component_ref idref="oc-14d"/>
      </symbol>
      <symbol id="sm-2b4">
         <name>__TI_ft_end</name>
         <value>0x2020218c</value>
         <object_component_ref idref="oc-1b6"/>
      </symbol>
      <symbol id="sm-2b5">
         <name>__TI_tmpnams</name>
         <value>0x20201dae</value>
      </symbol>
      <symbol id="sm-2d5">
         <name>malloc</name>
         <value>0x1a58d</value>
         <object_component_ref idref="oc-1c1"/>
      </symbol>
      <symbol id="sm-2d6">
         <name>aligned_alloc</name>
         <value>0x180b5</value>
         <object_component_ref idref="oc-221"/>
      </symbol>
      <symbol id="sm-2d7">
         <name>free</name>
         <value>0x1868d</value>
         <object_component_ref idref="oc-1bf"/>
      </symbol>
      <symbol id="sm-2d8">
         <name>_sys_memory</name>
         <value>0x202021c8</value>
         <object_component_ref idref="oc-27"/>
      </symbol>
      <symbol id="sm-2d9">
         <name>memalign</name>
         <value>0x180b5</value>
         <object_component_ref idref="oc-221"/>
      </symbol>
      <symbol id="sm-2e3">
         <name>__TI_zero_init</name>
         <value>0x1a511</value>
         <object_component_ref idref="oc-5c"/>
      </symbol>
      <symbol id="sm-2ec">
         <name>__TI_decompress_none</name>
         <value>0x1a4df</value>
         <object_component_ref idref="oc-20"/>
      </symbol>
      <symbol id="sm-2f7">
         <name>__TI_decompress_lzss</name>
         <value>0x19669</value>
         <object_component_ref idref="oc-1c"/>
      </symbol>
      <symbol id="sm-302">
         <name>_c_int00_noargs</name>
         <value>0x1a205</value>
         <object_component_ref idref="oc-5f"/>
      </symbol>
      <symbol id="sm-303">
         <name>__stack</name>
         <value>0x20207e00</value>
         <object_component_ref idref="oc-1a"/>
      </symbol>
      <symbol id="sm-310">
         <name>__TI_closefile</name>
         <value>0x192ed</value>
         <object_component_ref idref="oc-1b9"/>
      </symbol>
      <symbol id="sm-31a">
         <name>__TI_doflush</name>
         <value>0x19a09</value>
         <object_component_ref idref="oc-20e"/>
      </symbol>
      <symbol id="sm-326">
         <name>__TI_auto_init_nobinit</name>
         <value>0x199b5</value>
         <object_component_ref idref="oc-112"/>
      </symbol>
      <symbol id="sm-32e">
         <name>_system_pre_init</name>
         <value>0x1a5d5</value>
         <object_component_ref idref="oc-8e"/>
      </symbol>
      <symbol id="sm-33d">
         <name>write</name>
         <value>0x1a1dd</value>
         <object_component_ref idref="oc-24e"/>
      </symbol>
      <symbol id="sm-342">
         <name>_device</name>
         <value>0x20201fc8</value>
         <object_component_ref idref="oc-1af"/>
      </symbol>
      <symbol id="sm-343">
         <name>_stream</name>
         <value>0x20202040</value>
         <object_component_ref idref="oc-24a"/>
      </symbol>
      <symbol id="sm-34c">
         <name>remove</name>
         <value>0x1a5b7</value>
         <object_component_ref idref="oc-218"/>
      </symbol>
      <symbol id="sm-358">
         <name>open</name>
         <value>0x18ca9</value>
         <object_component_ref idref="oc-20a"/>
      </symbol>
      <symbol id="sm-362">
         <name>close</name>
         <value>0x19a59</value>
         <object_component_ref idref="oc-214"/>
      </symbol>
      <symbol id="sm-36e">
         <name>add_device</name>
         <value>0x18979</value>
         <object_component_ref idref="oc-136"/>
      </symbol>
      <symbol id="sm-378">
         <name>unlink</name>
         <value>0x1a161</value>
         <object_component_ref idref="oc-257"/>
      </symbol>
      <symbol id="sm-382">
         <name>HOSTclose</name>
         <value>0x19b8d</value>
         <object_component_ref idref="oc-1ed"/>
      </symbol>
      <symbol id="sm-38c">
         <name>HOSTlseek</name>
         <value>0x19599</value>
         <object_component_ref idref="oc-1f9"/>
      </symbol>
      <symbol id="sm-396">
         <name>HOSTopen</name>
         <value>0x197f9</value>
         <object_component_ref idref="oc-1e9"/>
      </symbol>
      <symbol id="sm-397">
         <name>parmbuf</name>
         <value>0x20201e9e</value>
      </symbol>
      <symbol id="sm-3a1">
         <name>HOSTread</name>
         <value>0x19855</value>
         <object_component_ref idref="oc-1f1"/>
      </symbol>
      <symbol id="sm-3b2">
         <name>HOSTrename</name>
         <value>0x19601</value>
         <object_component_ref idref="oc-201"/>
      </symbol>
      <symbol id="sm-3bc">
         <name>HOSTunlink</name>
         <value>0x19bd5</value>
         <object_component_ref idref="oc-1fd"/>
      </symbol>
      <symbol id="sm-3c6">
         <name>HOSTwrite</name>
         <value>0x198ad</value>
         <object_component_ref idref="oc-1f5"/>
      </symbol>
      <symbol id="sm-3d4">
         <name>C$$IO$$</name>
         <value>0x1a05f</value>
         <object_component_ref idref="oc-22a"/>
      </symbol>
      <symbol id="sm-3d5">
         <name>__TI_writemsg</name>
         <value>0x1a035</value>
         <object_component_ref idref="oc-22a"/>
      </symbol>
      <symbol id="sm-3d6">
         <name>__CIOBUF_</name>
         <value>0x20201a90</value>
         <object_component_ref idref="oc-262"/>
      </symbol>
      <symbol id="sm-3d7">
         <name>__TI_readmsg</name>
         <value>0x1a001</value>
         <object_component_ref idref="oc-230"/>
      </symbol>
      <symbol id="sm-3d8">
         <name>_CIOBUF_</name>
         <value>0x20201a90</value>
         <object_component_ref idref="oc-262"/>
      </symbol>
      <symbol id="sm-3de">
         <name>__aeabi_idiv</name>
         <value>0x1995d</value>
         <object_component_ref idref="oc-188"/>
      </symbol>
      <symbol id="sm-3df">
         <name>__aeabi_idivmod</name>
         <value>0x1995d</value>
         <object_component_ref idref="oc-188"/>
      </symbol>
      <symbol id="sm-3e5">
         <name>__aeabi_memcpy</name>
         <value>0x1a5c1</value>
         <object_component_ref idref="oc-4f"/>
      </symbol>
      <symbol id="sm-3e6">
         <name>__aeabi_memcpy4</name>
         <value>0x1a5c1</value>
         <object_component_ref idref="oc-4f"/>
      </symbol>
      <symbol id="sm-3e7">
         <name>__aeabi_memcpy8</name>
         <value>0x1a5c1</value>
         <object_component_ref idref="oc-4f"/>
      </symbol>
      <symbol id="sm-3ed">
         <name>__aeabi_memset</name>
         <value>0x1a379</value>
         <object_component_ref idref="oc-8a"/>
      </symbol>
      <symbol id="sm-3ee">
         <name>__aeabi_memset4</name>
         <value>0x1a379</value>
         <object_component_ref idref="oc-8a"/>
      </symbol>
      <symbol id="sm-3ef">
         <name>__aeabi_memset8</name>
         <value>0x1a379</value>
         <object_component_ref idref="oc-8a"/>
      </symbol>
      <symbol id="sm-3f0">
         <name>__aeabi_memclr</name>
         <value>0x1a389</value>
         <object_component_ref idref="oc-8a"/>
      </symbol>
      <symbol id="sm-3f1">
         <name>__aeabi_memclr4</name>
         <value>0x1a389</value>
         <object_component_ref idref="oc-8a"/>
      </symbol>
      <symbol id="sm-3f2">
         <name>__aeabi_memclr8</name>
         <value>0x1a389</value>
         <object_component_ref idref="oc-8a"/>
      </symbol>
      <symbol id="sm-3f8">
         <name>__aeabi_uidiv</name>
         <value>0x19da5</value>
         <object_component_ref idref="oc-184"/>
      </symbol>
      <symbol id="sm-3f9">
         <name>__aeabi_uidivmod</name>
         <value>0x19da5</value>
         <object_component_ref idref="oc-184"/>
      </symbol>
      <symbol id="sm-403">
         <name>__aeabi_idiv0</name>
         <value>0x1a103</value>
         <object_component_ref idref="oc-1d5"/>
      </symbol>
      <symbol id="sm-411">
         <name>finddevice</name>
         <value>0x19ec5</value>
         <object_component_ref idref="oc-1a8"/>
      </symbol>
      <symbol id="sm-412">
         <name>getdevice</name>
         <value>0x1952d</value>
         <object_component_ref idref="oc-248"/>
      </symbol>
      <symbol id="sm-41b">
         <name>TI_memcpy_small</name>
         <value>0x1a4cd</value>
         <object_component_ref idref="oc-ab"/>
      </symbol>
      <symbol id="sm-424">
         <name>TI_memset_small</name>
         <value>0x1a559</value>
         <object_component_ref idref="oc-127"/>
      </symbol>
      <symbol id="sm-425">
         <name>__TI_static_base__</name>
         <value>0x0</value>
      </symbol>
      <symbol id="sm-428">
         <name>__mpu_init</name>
         <value>0x0</value>
      </symbol>
      <symbol id="sm-429">
         <name>_system_post_cinit</name>
         <value>0x0</value>
      </symbol>
   </symbol_table>
   <title>Link successful</title>
</link_info>
